Component: ARM Compiler 5.06 update 4 (build 422) Tool: armlink [4d35d2]

==============================================================================

Section Cross References

    startup_stm32f407xx.o(RESET) refers to startup_stm32f407xx.o(STACK) for __initial_sp
    startup_stm32f407xx.o(RESET) refers to startup_stm32f407xx.o(.text) for Reset_Handler
    startup_stm32f407xx.o(RESET) refers to stm32f4xx_it.o(i.NMI_Handler) for NMI_Handler
    startup_stm32f407xx.o(RESET) refers to stm32f4xx_it.o(i.HardFault_Handler) for HardFault_Handler
    startup_stm32f407xx.o(RESET) refers to stm32f4xx_it.o(i.MemManage_Handler) for MemManage_Handler
    startup_stm32f407xx.o(RESET) refers to stm32f4xx_it.o(i.BusFault_Handler) for BusFault_Handler
    startup_stm32f407xx.o(RESET) refers to stm32f4xx_it.o(i.UsageFault_Handler) for UsageFault_Handler
    startup_stm32f407xx.o(RESET) refers to port.o(.emb_text) for SVC_Handler
    startup_stm32f407xx.o(RESET) refers to stm32f4xx_it.o(i.DebugMon_Handler) for DebugMon_Handler
    startup_stm32f407xx.o(RESET) refers to stm32f4xx_it.o(i.SysTick_Handler) for SysTick_Handler
    startup_stm32f407xx.o(RESET) refers to stm32f4xx_it.o(i.TIM1_UP_TIM10_IRQHandler) for TIM1_UP_TIM10_IRQHandler
    startup_stm32f407xx.o(.text) refers to system_stm32f4xx.o(i.SystemInit) for SystemInit
    startup_stm32f407xx.o(.text) refers to entry.o(.ARM.Collect$$$$00000000) for __main
    nrf24.o(i.NRF24L01_Check) refers to nrf24.o(i.NRF24L01_Write_Buf) for NRF24L01_Write_Buf
    nrf24.o(i.NRF24L01_Check) refers to nrf24.o(i.NRF24L01_Read_Buf) for NRF24L01_Read_Buf
    nrf24.o(i.NRF24L01_Check) refers to printfa.o(i.__0printf) for __2printf
    nrf24.o(i.NRF24L01_Init) refers to nrf24.o(i.NRF24L01_SPI_Init) for NRF24L01_SPI_Init
    nrf24.o(i.NRF24L01_Init) refers to printfa.o(i.__0printf) for __2printf
    nrf24.o(i.NRF24L01_RX_Mode) refers to nrf24.o(i.NRF24L01_Write_Buf) for NRF24L01_Write_Buf
    nrf24.o(i.NRF24L01_RX_Mode) refers to nrf24.o(i.NRF24L01_Write_Reg) for NRF24L01_Write_Reg
    nrf24.o(i.NRF24L01_RX_Mode) refers to nrf24.o(.constdata) for .constdata
    nrf24.o(i.NRF24L01_Read_Buf) refers to nrf24.o(i.SPI1_ReadWriteByte) for SPI1_ReadWriteByte
    nrf24.o(i.NRF24L01_Read_Reg) refers to nrf24.o(i.SPI1_ReadWriteByte) for SPI1_ReadWriteByte
    nrf24.o(i.NRF24L01_RxPacket) refers to nrf24.o(i.NRF24L01_Read_Reg) for NRF24L01_Read_Reg
    nrf24.o(i.NRF24L01_RxPacket) refers to nrf24.o(i.NRF24L01_Write_Reg) for NRF24L01_Write_Reg
    nrf24.o(i.NRF24L01_RxPacket) refers to nrf24.o(i.NRF24L01_Read_Buf) for NRF24L01_Read_Buf
    nrf24.o(i.NRF24L01_SPI_Init) refers to stm32f4xx_hal_spi.o(i.HAL_SPI_Init) for HAL_SPI_Init
    nrf24.o(i.NRF24L01_SPI_Init) refers to spi.o(.bss) for hspi1
    nrf24.o(i.NRF24L01_TX_Mode) refers to nrf24.o(i.NRF24L01_Write_Buf) for NRF24L01_Write_Buf
    nrf24.o(i.NRF24L01_TX_Mode) refers to nrf24.o(i.NRF24L01_Write_Reg) for NRF24L01_Write_Reg
    nrf24.o(i.NRF24L01_TX_Mode) refers to nrf24.o(.constdata) for .constdata
    nrf24.o(i.NRF24L01_TxPacket) refers to nrf24.o(i.NRF24L01_Write_Buf) for NRF24L01_Write_Buf
    nrf24.o(i.NRF24L01_TxPacket) refers to nrf24.o(i.NRF24L01_Read_Reg) for NRF24L01_Read_Reg
    nrf24.o(i.NRF24L01_TxPacket) refers to nrf24.o(i.NRF24L01_Write_Reg) for NRF24L01_Write_Reg
    nrf24.o(i.NRF24L01_Write_Buf) refers to nrf24.o(i.SPI1_ReadWriteByte) for SPI1_ReadWriteByte
    nrf24.o(i.NRF24L01_Write_Reg) refers to nrf24.o(i.SPI1_ReadWriteByte) for SPI1_ReadWriteByte
    nrf24.o(i.SPI1_ReadWriteByte) refers to stm32f4xx_hal_spi.o(i.HAL_SPI_TransmitReceive) for HAL_SPI_TransmitReceive
    nrf24.o(i.SPI1_ReadWriteByte) refers to spi.o(.bss) for hspi1
    nrf24.o(i.WirelessTask) refers to cmsis_os.o(i.osKernelSysTick) for osKernelSysTick
    nrf24.o(i.WirelessTask) refers to stm32f4xx_hal.o(i.HAL_GetTick) for HAL_GetTick
    nrf24.o(i.WirelessTask) refers to nrf24.o(i.NRF24L01_RxPacket) for NRF24L01_RxPacket
    nrf24.o(i.WirelessTask) refers to printfa.o(i.__0printf) for __2printf
    nrf24.o(i.WirelessTask) refers to cmsis_os.o(i.osDelayUntil) for osDelayUntil
    nrf24.o(i.WirelessTask) refers to nrf24.o(.data) for .data
    nrf24.o(i.WirelessTask) refers to nrf24.o(.bss) for .bss
    stm32f4xx_hal.o(i.HAL_DeInit) refers to stm32f4xx_hal.o(i.HAL_MspDeInit) for HAL_MspDeInit
    stm32f4xx_hal.o(i.HAL_Delay) refers to stm32f4xx_hal.o(i.HAL_GetTick) for HAL_GetTick
    stm32f4xx_hal.o(i.HAL_GetTick) refers to stm32f4xx_hal.o(.data) for .data
    stm32f4xx_hal.o(i.HAL_IncTick) refers to stm32f4xx_hal.o(.data) for .data
    stm32f4xx_hal.o(i.HAL_Init) refers to stm32f4xx_hal_cortex.o(i.HAL_NVIC_SetPriorityGrouping) for HAL_NVIC_SetPriorityGrouping
    stm32f4xx_hal.o(i.HAL_Init) refers to stm32f4xx_hal_timebase_tim.o(i.HAL_InitTick) for HAL_InitTick
    stm32f4xx_hal.o(i.HAL_Init) refers to stm32f4xx_hal_msp.o(i.HAL_MspInit) for HAL_MspInit
[...]
    HAL_TIMEx_ConfigBreakDeadTime            0x08006ca1   Thumb Code    90  stm32f4xx_hal_tim_ex.o(i.HAL_TIMEx_ConfigBreakDeadTime)
    HAL_TIMEx_MasterConfigSynchronization    0x08006cfb   Thumb Code    80  stm32f4xx_hal_tim_ex.o(i.HAL_TIMEx_MasterConfigSynchronization)
    HAL_TIM_Base_Init                        0x08006d4b   Thumb Code    54  stm32f4xx_hal_tim.o(i.HAL_TIM_Base_Init)
    HAL_TIM_Base_MspInit                     0x08006d81   Thumb Code     2  stm32f4xx_hal_tim.o(i.HAL_TIM_Base_MspInit)
    HAL_TIM_Base_Start_IT                    0x08006d83   Thumb Code    24  stm32f4xx_hal_tim.o(i.HAL_TIM_Base_Start_IT)
    HAL_TIM_IC_CaptureCallback               0x08006d9b   Thumb Code     2  stm32f4xx_hal_tim.o(i.HAL_TIM_IC_CaptureCallback)
    HAL_TIM_IRQHandler                       0x08006d9d   Thumb Code   358  stm32f4xx_hal_tim.o(i.HAL_TIM_IRQHandler)
    HAL_TIM_MspPostInit                      0x08006f05   Thumb Code    44  tim.o(i.HAL_TIM_MspPostInit)
    HAL_TIM_OC_DelayElapsedCallback          0x08006f39   Thumb Code     2  stm32f4xx_hal_tim.o(i.HAL_TIM_OC_DelayElapsedCallback)
    HAL_TIM_PWM_ConfigChannel                0x08006f3b   Thumb Code   208  stm32f4xx_hal_tim.o(i.HAL_TIM_PWM_ConfigChannel)
    HAL_TIM_PWM_Init                         0x0800700b   Thumb Code    54  stm32f4xx_hal_tim.o(i.HAL_TIM_PWM_Init)
    HAL_TIM_PWM_MspInit                      0x08007041   Thumb Code    50  tim.o(i.HAL_TIM_PWM_MspInit)
    HAL_TIM_PWM_PulseFinishedCallback        0x0800707d   Thumb Code     2  stm32f4xx_hal_tim.o(i.HAL_TIM_PWM_PulseFinishedCallback)
    HAL_TIM_PWM_Start                        0x08007081   Thumb Code    48  stm32f4xx_hal_tim.o(i.HAL_TIM_PWM_Start)
    HAL_TIM_PeriodElapsedCallback            0x080070b9   Thumb Code    14  main.o(i.HAL_TIM_PeriodElapsedCallback)
    HAL_TIM_TriggerCallback                  0x080070cd   Thumb Code     2  stm32f4xx_hal_tim.o(i.HAL_TIM_TriggerCallback)
    HAL_UART_Init                            0x080070cf   Thumb Code    98  stm32f4xx_hal_uart.o(i.HAL_UART_Init)
    HAL_UART_MspInit                         0x08007131   Thumb Code    64  usart.o(i.HAL_UART_MspInit)
    HardFault_Handler                        0x0800717d   Thumb Code     2  stm32f4xx_it.o(i.HardFault_Handler)
    IIC_Ack                                  0x08007181   Thumb Code    56  bsp_i2c.o(i.IIC_Ack)
    IIC_Init                                 0x080071c1   Thumb Code    14  bsp_i2c.o(i.IIC_Init)
    IIC_NAck                                 0x080071d5   Thumb Code    56  bsp_i2c.o(i.IIC_NAck)
    IIC_Read_Byte                            0x08007215   Thumb Code   100  bsp_i2c.o(i.IIC_Read_Byte)
    IIC_Send_Byte                            0x08007281   Thumb Code    86  bsp_i2c.o(i.IIC_Send_Byte)
    IIC_Start                                0x080072e1   Thumb Code    56  bsp_i2c.o(i.IIC_Start)
    IIC_Stop                                 0x08007321   Thumb Code    58  bsp_i2c.o(i.IIC_Stop)
    IIC_Wait_Ack                             0x08007365   Thumb Code    76  bsp_i2c.o(i.IIC_Wait_Ack)
    MPU_Read_Len                             0x080073b9   Thumb Code   108  mpu9250.o(i.MPU_Read_Len)
    MPU_Write_Len                            0x08007425   Thumb Code    82  mpu9250.o(i.MPU_Write_Len)
    MX_FREERTOS_Init                         0x08007479   Thumb Code    96  freertos.o(i.MX_FREERTOS_Init)
    MX_GPIO_Init                             0x080074e1   Thumb Code   186  gpio.o(i.MX_GPIO_Init)
    MX_SPI1_Init                             0x080075a9   Thumb Code    66  spi.o(i.MX_SPI1_Init)
    MX_TIM1_Init                             0x08007605   Thumb Code   206  tim.o(i.MX_TIM1_Init)
    MX_USART1_UART_Init                      0x080076ed   Thumb Code    52  usart.o(i.MX_USART1_UART_Init)
    MemManage_Handler                        0x08007739   Thumb Code     2  stm32f4xx_it.o(i.MemManage_Handler)
    MotorTask                                0x0800773d   Thumb Code   358  motor_task.o(i.MotorTask)
    NMI_Handler                              0x080078bd   Thumb Code     2  stm32f4xx_it.o(i.NMI_Handler)
    NRF24L01_Check                           0x080078c1   Thumb Code    74  nrf24.o(i.NRF24L01_Check)
    NRF24L01_Init                            0x08007935   Thumb Code    28  nrf24.o(i.NRF24L01_Init)
    NRF24L01_RX_Mode                         0x08007969   Thumb Code    78  nrf24.o(i.NRF24L01_RX_Mode)
    NRF24L01_Read_Buf                        0x080079c1   Thumb Code    56  nrf24.o(i.NRF24L01_Read_Buf)
    NRF24L01_Read_Reg                        0x080079fd   Thumb Code    30  nrf24.o(i.NRF24L01_Read_Reg)
    NRF24L01_RxPacket                        0x08007a21   Thumb Code    50  nrf24.o(i.NRF24L01_RxPacket)
    NRF24L01_SPI_Init                        0x08007a55   Thumb Code    38  nrf24.o(i.NRF24L01_SPI_Init)
    NRF24L01_Write_Buf                       0x08007a81   Thumb Code    56  nrf24.o(i.NRF24L01_Write_Buf)
    NRF24L01_Write_Reg                       0x08007abd   Thumb Code    36  nrf24.o(i.NRF24L01_Write_Reg)
    PID_struct_init                          0x08007b05   Thumb Code    60  pid.o(i.PID_struct_init)
    SPI1_ReadWriteByte                       0x08007b49   Thumb Code    28  nrf24.o(i.SPI1_ReadWriteByte)
    StartDefaultTask                         0x08007c1f   Thumb Code     8  freertos.o(i.StartDefaultTask)
    SysTick_Handler                          0x08007c27   Thumb Code     4  stm32f4xx_it.o(i.SysTick_Handler)
    SystemClock_Config                       0x08007c2d   Thumb Code   150  main.o(i.SystemClock_Config)
    SystemInit                               0x08007ccd   Thumb Code    66  system_stm32f4xx.o(i.SystemInit)
    TIM1_UP_TIM10_IRQHandler                 0x08007d21   Thumb Code    18  stm32f4xx_it.o(i.TIM1_UP_TIM10_IRQHandler)
    TIM_Base_SetConfig                       0x08007d3d   Thumb Code   148  stm32f4xx_hal_tim.o(i.TIM_Base_SetConfig)
    TIM_CCxChannelCmd                        0x08007dfd   Thumb Code    22  stm32f4xx_hal_tim.o(i.TIM_CCxChannelCmd)
    TIM_OC2_SetConfig                        0x08007e6d   Thumb Code    90  stm32f4xx_hal_tim.o(i.TIM_OC2_SetConfig)
    UsageFault_Handler                       0x0800822d   Thumb Code     2  stm32f4xx_it.o(i.UsageFault_Handler)
    WirelessTask                             0x08008231   Thumb Code    58  nrf24.o(i.WirelessTask)
    _Error_Handler                           0x08008289   Thumb Code     2  main.o(i._Error_Handler)
    _MLPrintLog                              0x0800828b   Thumb Code   152  log_stm32.o(i._MLPrintLog)
    __0printf                                0x08008325   Thumb Code    22  printfa.o(i.__0printf)
    __1printf                                0x08008325   Thumb Code     0  printfa.o(i.__0printf)
    __2printf                                0x08008325   Thumb Code     0  printfa.o(i.__0printf)
    __c89printf                              0x08008325   Thumb Code     0  printfa.o(i.__0printf)
    printf                                   0x08008325   Thumb Code     0  printfa.o(i.__0printf)
    __0vsprintf                              0x08008345   Thumb Code    30  printfa.o(i.__0vsprintf)
    __1vsprintf                              0x08008345   Thumb Code     0  printfa.o(i.__0vsprintf)
    __2vsprintf                              0x08008345   Thumb Code     0  printfa.o(i.__0vsprintf)
    __c89vsprintf                            0x08008345   Thumb Code     0  printfa.o(i.__0vsprintf)
    vsprintf                                 0x08008345   Thumb Code     0  printfa.o(i.__0vsprintf)
    __ARM_fpclassify                         0x08008369   Thumb Code    48  fpclassify.o(i.__ARM_fpclassify)
    __ARM_fpclassifyf                        0x08008399   Thumb Code    38  fpclassifyf.o(i.__ARM_fpclassifyf)
    __hardfp_acosf                           0x080083c1   Thumb Code   234  acosf.o(i.__hardfp_acosf)
    __hardfp_atan2f                          0x080084d9   Thumb Code   502  atan2f.o(i.__hardfp_atan2f)
    __hardfp_cos                             0x08008729   Thumb Code   180  cos.o(i.__hardfp_cos)
    __hardfp_cosf                            0x080087f1   Thumb Code   280  cosf.o(i.__hardfp_cosf)
    __hardfp_fabs                            0x08008941   Thumb Code    20  fabs.o(i.__hardfp_fabs)
    __hardfp_log                             0x08008959   Thumb Code   872  log.o(i.__hardfp_log)
    __hardfp_sinf                            0x08008d1d   Thumb Code   344  sinf.o(i.__hardfp_sinf)
    __hardfp_sqrt                            0x08008ead   Thumb Code   122  sqrt.o(i.__hardfp_sqrt)
    __hardfp_sqrtf                           0x08008f27   Thumb Code    58  sqrtf.o(i.__hardfp_sqrtf)
    __ieee754_rem_pio2                       0x08008f61   Thumb Code   938  rred.o(i.__ieee754_rem_pio2)
    __kernel_cos                             0x08009399   Thumb Code   322  cos_i.o(i.__kernel_cos)
    __kernel_poly                            0x08009509   Thumb Code   248  poly.o(i.__kernel_poly)
    __kernel_sin                             0x08009601   Thumb Code   280  sin_i.o(i.__kernel_sin)
    __mathlib_dbl_divzero                    0x08009731   Thumb Code    28  dunder.o(i.__mathlib_dbl_divzero)
    __mathlib_dbl_infnan                     0x08009761   Thumb Code    20  dunder.o(i.__mathlib_dbl_infnan)
    __mathlib_dbl_invalid                    0x08009779   Thumb Code    24  dunder.o(i.__mathlib_dbl_invalid)
    __mathlib_dbl_underflow                  0x08009799   Thumb Code    24  dunder.o(i.__mathlib_dbl_underflow)
    __mathlib_flt_infnan                     0x080097b9   Thumb Code     6  funder.o(i.__mathlib_flt_infnan)
    __mathlib_flt_infnan2                    0x080097bf   Thumb Code     6  funder.o(i.__mathlib_flt_infnan2)
    __mathlib_flt_invalid                    0x080097c5   Thumb Code    10  funder.o(i.__mathlib_flt_invalid)
    __mathlib_flt_underflow                  0x080097d5   Thumb Code    10  funder.o(i.__mathlib_flt_underflow)
    __mathlib_rredf2                         0x080097e5   Thumb Code   316  rredf.o(i.__mathlib_rredf2)
    __scatterload_copy                       0x08009969   Thumb Code    14  handlers.o(i.__scatterload_copy)
    __scatterload_null                       0x08009977   Thumb Code     2  handlers.o(i.__scatterload_null)
    __scatterload_zeroinit                   0x08009979   Thumb Code    14  handlers.o(i.__scatterload_zeroinit)
    __set_errno                              0x08009989   Thumb Code     6  errno.o(i.__set_errno)
    abs_limit                                0x0800a251   Thumb Code    42  pid.o(i.abs_limit)
    delay_ms                                 0x0800a83d   Thumb Code     4  delay.o(i.delay_ms)
    delay_us                                 0x0800a841   Thumb Code    16  delay.o(i.delay_us)
    dmp_enable_6x_lp_quat                    0x0800a851   Thumb Code    58  inv_mpu_dmp_motion_driver.o(i.dmp_enable_6x_lp_quat)
    dmp_enable_feature                       0x0800a88d   Thumb Code   464  inv_mpu_dmp_motion_driver.o(i.dmp_enable_feature)
    dmp_enable_gyro_cal                      0x0800aa65   Thumb Code    34  inv_mpu_dmp_motion_driver.o(i.dmp_enable_gyro_cal)
    dmp_enable_lp_quat                       0x0800aaa1   Thumb Code    58  inv_mpu_dmp_motion_driver.o(i.dmp_enable_lp_quat)
    dmp_load_motion_driver_firmware          0x0800aadd   Thumb Code    16  inv_mpu_dmp_motion_driver.o(i.dmp_load_motion_driver_firmware)
    dmp_read_fifo                            0x0800aaf1   Thumb Code   324  inv_mpu_dmp_motion_driver.o(i.dmp_read_fifo)
    dmp_set_accel_bias                       0x0800ac39   Thumb Code   210  inv_mpu_dmp_motion_driver.o(i.dmp_set_accel_bias)
    dmp_set_fifo_rate                        0x0800ad11   Thumb Code    82  inv_mpu_dmp_motion_driver.o(i.dmp_set_fifo_rate)
    dmp_set_gyro_bias                        0x0800ad75   Thumb Code   196  inv_mpu_dmp_motion_driver.o(i.dmp_set_gyro_bias)
    dmp_set_orientation                      0x0800ae41   Thumb Code   246  inv_mpu_dmp_motion_driver.o(i.dmp_set_orientation)
    dmp_set_shake_reject_thresh              0x0800af4d   Thumb Code    48  inv_mpu_dmp_motion_driver.o(i.dmp_set_shake_reject_thresh)
    dmp_set_shake_reject_time                0x0800af7d   Thumb Code    32  inv_mpu_dmp_motion_driver.o(i.dmp_set_shake_reject_time)
    dmp_set_shake_reject_timeout             0x0800af9d   Thumb Code    32  inv_mpu_dmp_motion_driver.o(i.dmp_set_shake_reject_timeout)
    dmp_set_tap_axes                         0x0800afbd   Thumb Code    64  inv_mpu_dmp_motion_driver.o(i.dmp_set_tap_axes)
    dmp_set_tap_count                        0x0800affd   Thumb Code    34  inv_mpu_dmp_motion_driver.o(i.dmp_set_tap_count)
    dmp_set_tap_thresh                       0x0800b021   Thumb Code   314  inv_mpu_dmp_motion_driver.o(i.dmp_set_tap_thresh)
    dmp_set_tap_time                         0x0800b181   Thumb Code    32  inv_mpu_dmp_motion_driver.o(i.dmp_set_tap_time)
    dmp_set_tap_time_multi                   0x0800b1a1   Thumb Code    32  inv_mpu_dmp_motion_driver.o(i.dmp_set_tap_time_multi)
    fabs                                     0x0800b1c1   Thumb Code    24  fabs.o(i.fabs)
    fputc                                    0x0800b1d9   Thumb Code    14  usart.o(i.fputc)
    imu_param_init                           0x0800bb25   Thumb Code    24  imu_task.o(i.imu_param_init)
    imu_task                                 0x0800bb3d   Thumb Code    70  imu_task.o(i.imu_task)
    inv_apply_calibration                    0x0800bb99   Thumb Code   106  data_builder.o(i.inv_apply_calibration)
    inv_build_accel                          0x0800bc05   Thumb Code    96  data_builder.o(i.inv_build_accel)
    inv_build_compass                        0x0800bc6d   Thumb Code   124  data_builder.o(i.inv_build_compass)
    inv_build_gyro                           0x0800bcf1   Thumb Code    42  data_builder.o(i.inv_build_gyro)
    inv_build_temp                           0x0800bd21   Thumb Code    24  data_builder.o(i.inv_build_temp)
    inv_compass_angle                        0x0800bd3d   Thumb Code   162  ml_math_func.o(i.inv_compass_angle)
    inv_convert_to_body_with_scale           0x0800bde9   Thumb Code    92  ml_math_func.o(i.inv_convert_to_body_with_scale)
    inv_enable_eMPL_outputs                  0x0800be95   Thumb Code    20  empl_outputs.o(i.inv_enable_eMPL_outputs)
    inv_enable_results_holder                0x0800beb1   Thumb Code    22  results_holder.o(i.inv_enable_results_holder)
    inv_execute_mpl_start_notification       0x0800becd   Thumb Code    38  start_manager.o(i.inv_execute_mpl_start_notification)
    inv_execute_on_data                      0x0800bef9   Thumb Code   120  data_builder.o(i.inv_execute_on_data)
    inv_generate_results                     0x0800c01d   Thumb Code    10  results_holder.o(i.inv_generate_results)
    inv_get_6axis_quaternion                 0x0800c02d   Thumb Code    14  results_holder.o(i.inv_get_6axis_quaternion)
    inv_get_acc_state                        0x0800c041   Thumb Code     6  results_holder.o(i.inv_get_acc_state)
    inv_get_accel_accuracy                   0x0800c04d   Thumb Code     6  data_builder.o(i.inv_get_accel_accuracy)
    inv_get_accel_on                         0x0800c059   Thumb Code    12  data_builder.o(i.inv_get_accel_on)
    inv_get_accel_set                        0x0800c069   Thumb Code    34  data_builder.o(i.inv_get_accel_set)
    inv_get_compass_bias                     0x0800c091   Thumb Code    14  data_builder.o(i.inv_get_compass_bias)
    inv_get_compass_correction               0x0800c0a5   Thumb Code    20  results_holder.o(i.inv_get_compass_correction)
    inv_get_compass_on                       0x0800c0bd   Thumb Code    12  data_builder.o(i.inv_get_compass_on)
    inv_get_compass_soft_iron_output_data    0x0800c0cd   Thumb Code    24  data_builder.o(i.inv_get_compass_soft_iron_output_data)
    inv_get_compass_state                    0x0800c0e9   Thumb Code     6  results_holder.o(i.inv_get_compass_state)
    inv_get_gravity                          0x0800c0f5   Thumb Code    80  results_holder.o(i.inv_get_gravity)
    inv_get_gyro                             0x0800c149   Thumb Code    10  data_builder.o(i.inv_get_gyro)
    inv_get_gyro_accuracy                    0x0800c159   Thumb Code     6  data_builder.o(i.inv_get_gyro_accuracy)
    inv_get_gyro_bias                        0x0800c165   Thumb Code    26  data_builder.o(i.inv_get_gyro_bias)
    inv_get_gyro_bias_tc_set                 0x0800c189   Thumb Code    20  data_builder.o(i.inv_get_gyro_bias_tc_set)
    inv_get_gyro_on                          0x0800c1a1   Thumb Code    10  data_builder.o(i.inv_get_gyro_on)
    inv_get_gyro_sum_of_sqr                  0x0800c1b1   Thumb Code    26  ml_math_func.o(i.inv_get_gyro_sum_of_sqr)
    inv_get_large_mag_field                  0x0800c1cd   Thumb Code     6  results_holder.o(i.inv_get_large_mag_field)
    inv_get_last_timestamp                   0x0800c1d9   Thumb Code    66  data_builder.o(i.inv_get_last_timestamp)
    inv_get_linear_accel                     0x0800c221   Thumb Code    58  results_holder.o(i.inv_get_linear_accel)
    inv_get_linear_accel_float               0x0800c25d   Thumb Code    64  results_holder.o(i.inv_get_linear_accel_float)
    inv_get_local_field                      0x0800c2a1   Thumb Code    10  results_holder.o(i.inv_get_local_field)
    inv_get_mag_accuracy                     0x0800c2b1   Thumb Code    20  data_builder.o(i.inv_get_mag_accuracy)
    inv_get_motion_state                     0x0800c2cd   Thumb Code    12  results_holder.o(i.inv_get_motion_state)
    inv_get_quaternion                       0x0800c2dd   Thumb Code    48  results_holder.o(i.inv_get_quaternion)
    inv_get_quaternion_set                   0x0800c311   Thumb Code    56  results_holder.o(i.inv_get_quaternion_set)
    inv_get_sensor_type_euler                0x0800c349   Thumb Code   408  empl_outputs.o(i.inv_get_sensor_type_euler)
    inv_get_sensor_type_gravity              0x0800c505   Thumb Code    88  hal_outputs.o(i.inv_get_sensor_type_gravity)
    inv_got_compass_bias                     0x0800c565   Thumb Code     6  results_holder.o(i.inv_got_compass_bias)
    inv_init_data_builder                    0x0800c571   Thumb Code    44  data_builder.o(i.inv_init_data_builder)
    inv_init_mpl                             0x0800c5ad   Thumb Code    94  mpl.o(i.inv_init_mpl)
    inv_init_results_holder                  0x0800c625   Thumb Code    40  results_holder.o(i.inv_init_results_holder)
    inv_init_start_manager                   0x0800c655   Thumb Code    14  start_manager.o(i.inv_init_start_manager)
    inv_init_storage_manager                 0x0800c669   Thumb Code    20  storage_manager.o(i.inv_init_storage_manager)
    inv_orientation_matrix_to_scalar         0x0800c681   Thumb Code    34  ml_math_func.o(i.inv_orientation_matrix_to_scalar)
    inv_q29_mult                             0x0800c6a3   Thumb Code    12  ml_math_func.o(i.inv_q29_mult)
    inv_q30_mult                             0x0800c6af   Thumb Code    12  ml_math_func.o(i.inv_q30_mult)
    inv_q_add                                0x0800c6bb   Thumb Code    36  ml_math_func.o(i.inv_q_add)
    inv_q_addf                               0x0800c6df   Thumb Code    66  ml_math_func.o(i.inv_q_addf)
    inv_q_invert                             0x0800c721   Thumb Code    24  ml_math_func.o(i.inv_q_invert)
    inv_q_invertf                            0x0800c739   Thumb Code    46  ml_math_func.o(i.inv_q_invertf)
    inv_q_mult                               0x0800c767   Thumb Code   176  ml_math_func.o(i.inv_q_mult)
    inv_q_multf                              0x0800c817   Thumb Code   210  ml_math_func.o(i.inv_q_multf)
    inv_q_norm4                              0x0800c8e9   Thumb Code   126  ml_math_func.o(i.inv_q_norm4)
    inv_q_normalizef                         0x0800c96d   Thumb Code   170  ml_math_func.o(i.inv_q_normalizef)
    inv_q_rotate                             0x0800ca1d   Thumb Code    62  ml_math_func.o(i.inv_q_rotate)
    inv_quaternion_to_rotation               0x0800ca5b   Thumb Code   218  ml_math_func.o(i.inv_quaternion_to_rotation)
    inv_register_data_cb                     0x0800cb35   Thumb Code   150  data_builder.o(i.inv_register_data_cb)
    inv_register_load_store                  0x0800cbd9   Thumb Code   102  storage_manager.o(i.inv_register_load_store)
    inv_register_mpl_start_notification      0x0800cc45   Thumb Code    28  start_manager.o(i.inv_register_mpl_start_notification)
    inv_reset_compass_soft_iron_matrix       0x0800cc65   Thumb Code    70  data_builder.o(i.inv_reset_compass_soft_iron_matrix)
    inv_set_accel_accuracy                   0x0800cd01   Thumb Code    22  data_builder.o(i.inv_set_accel_accuracy)
    inv_set_accel_bias_found                 0x0800cd1d   Thumb Code     6  results_holder.o(i.inv_set_accel_bias_found)
    inv_set_accel_bias_mask                  0x0800cd29   Thumb Code    72  data_builder.o(i.inv_set_accel_bias_mask)
    inv_set_accel_orientation_and_scale      0x0800cd79   Thumb Code     8  data_builder.o(i.inv_set_accel_orientation_and_scale)
    inv_set_accel_sample_rate                0x0800cd85   Thumb Code    34  data_builder.o(i.inv_set_accel_sample_rate)
    inv_set_compass_bias                     0x0800cdb1   Thumb Code    68  data_builder.o(i.inv_set_compass_bias)
    inv_set_compass_bias_error               0x0800cdf9   Thumb Code    10  results_holder.o(i.inv_set_compass_bias_error)
    inv_set_compass_bias_found               0x0800ce09   Thumb Code     6  results_holder.o(i.inv_set_compass_bias_found)
    inv_set_compass_correction               0x0800ce15   Thumb Code    28  results_holder.o(i.inv_set_compass_correction)
    inv_set_compass_disturbance              0x0800ce35   Thumb Code     8  data_builder.o(i.inv_set_compass_disturbance)
    inv_set_compass_orientation_and_scale    0x0800ce41   Thumb Code    12  data_builder.o(i.inv_set_compass_orientation_and_scale)
    inv_set_compass_sample_rate              0x0800ce51   Thumb Code    34  data_builder.o(i.inv_set_compass_sample_rate)
    inv_set_compass_soft_iron_input_data     0x0800ce7d   Thumb Code    72  data_builder.o(i.inv_set_compass_soft_iron_input_data)
    inv_set_compass_state                    0x0800cecd   Thumb Code     6  results_holder.o(i.inv_set_compass_state)
    inv_set_gyro_bias                        0x0800cf59   Thumb Code    88  data_builder.o(i.inv_set_gyro_bias)
    inv_set_gyro_orientation_and_scale       0x0800cfb5   Thumb Code     8  data_builder.o(i.inv_set_gyro_orientation_and_scale)
    inv_set_gyro_sample_rate                 0x0800cfc1   Thumb Code    30  data_builder.o(i.inv_set_gyro_sample_rate)
    inv_set_message                          0x0800cfe9   Thumb Code    16  message_layer.o(i.inv_set_message)
    inv_set_motion_state                     0x0800cffd   Thumb Code    48  results_holder.o(i.inv_set_motion_state)
    inv_start_mpl                            0x0800d041   Thumb Code    34  mpl.o(i.inv_start_mpl)
    inv_start_results_holder                 0x0800d07d   Thumb Code    18  results_holder.o(i.inv_start_results_holder)
    inv_store_gaming_quaternion              0x0800d095   Thumb Code    28  results_holder.o(i.inv_store_gaming_quaternion)
    inv_unregister_data_cb                   0x0800d0b5   Thumb Code    72  data_builder.o(i.inv_unregister_data_cb)
    inv_unregister_mpl_start_notification    0x0800d101   Thumb Code    68  start_manager.o(i.inv_unregister_mpl_start_notification)
    main                                     0x0800d149   Thumb Code    62  main.o(i.main)
    mget_ms                                  0x0800d193   Thumb Code     2  mpu9250.o(i.mget_ms)
    mlMatrixVectorMult                       0x0800d195   Thumb Code    50  ml_math_func.o(i.mlMatrixVectorMult)
    motor_calc                               0x0800d1c9   Thumb Code   194  motor_task.o(i.motor_calc)
    motor_drive                              0x0800d299   Thumb Code    28  motor_task.o(i.motor_drive)
    motor_init                               0x0800d2b9   Thumb Code   174  motor_task.o(i.motor_init)
    mpu_configure_fifo                       0x0800d379   Thumb Code    78  inv_mpu.o(i.mpu_configure_fifo)
    mpu_dmp_init                             0x0800d3cd   Thumb Code   338  mpu9250.o(i.mpu_dmp_init)
    mpu_get_accel_fsr                        0x0800d52d   Thumb Code    54  inv_mpu.o(i.mpu_get_accel_fsr)
    mpu_get_accel_sens                       0x0800d569   Thumb Code    62  inv_mpu.o(i.mpu_get_accel_sens)
    mpu_get_compass_fsr                      0x0800d5ad   Thumb Code    12  inv_mpu.o(i.mpu_get_compass_fsr)
    mpu_get_compass_reg                      0x0800d5bd   Thumb Code   134  inv_mpu.o(i.mpu_get_compass_reg)
    mpu_get_gyro_fsr                         0x0800d649   Thumb Code    48  inv_mpu.o(i.mpu_get_gyro_fsr)
    mpu_get_gyro_sens                        0x0800d67d   Thumb Code    54  inv_mpu.o(i.mpu_get_gyro_sens)
    mpu_get_lpf                              0x0800d6c9   Thumb Code    52  inv_mpu.o(i.mpu_get_lpf)
    mpu_get_sample_rate                      0x0800d701   Thumb Code    22  inv_mpu.o(i.mpu_get_sample_rate)
    mpu_get_temperature                      0x0800d71d   Thumb Code   122  inv_mpu.o(i.mpu_get_temperature)
    mpu_init                                 0x0800d7a5   Thumb Code   212  inv_mpu.o(i.mpu_init)
    mpu_load_firmware                        0x0800d87d   Thumb Code   154  inv_mpu.o(i.mpu_load_firmware)
    mpu_lp_accel_mode                        0x0800d91d   Thumb Code   180  inv_mpu.o(i.mpu_lp_accel_mode)
    mpu_mpl_get_data                         0x0800d9d5   Thumb Code   298  mpu9250.o(i.mpu_mpl_get_data)
    mpu_read_fifo_stream                     0x0800db11   Thumb Code   140  inv_mpu.o(i.mpu_read_fifo_stream)
    mpu_read_mem                             0x0800dba1   Thumb Code    80  inv_mpu.o(i.mpu_read_mem)
    mpu_reset_fifo                           0x0800dbf5   Thumb Code   346  inv_mpu.o(i.mpu_reset_fifo)
    mpu_run_6500_self_test                   0x0800dd55   Thumb Code   352  inv_mpu.o(i.mpu_run_6500_self_test)
    mpu_set_accel_fsr                        0x0800dfd1   Thumb Code    98  inv_mpu.o(i.mpu_set_accel_fsr)
    mpu_set_bypass                           0x0800e039   Thumb Code   214  inv_mpu.o(i.mpu_set_bypass)
    mpu_set_compass_sample_rate              0x0800e115   Thumb Code    72  inv_mpu.o(i.mpu_set_compass_sample_rate)
    mpu_set_dmp_state                        0x0800e161   Thumb Code   114  inv_mpu.o(i.mpu_set_dmp_state)
    mpu_set_gyro_fsr                         0x0800e1d9   Thumb Code   104  inv_mpu.o(i.mpu_set_gyro_fsr)
    mpu_set_int_latched                      0x0800e245   Thumb Code    94  inv_mpu.o(i.mpu_set_int_latched)
    mpu_set_lpf                              0x0800e2a9   Thumb Code   102  inv_mpu.o(i.mpu_set_lpf)
    mpu_set_sample_rate                      0x0800e315   Thumb Code   138  inv_mpu.o(i.mpu_set_sample_rate)
    mpu_set_sensors                          0x0800e3a5   Thumb Code   304  inv_mpu.o(i.mpu_set_sensors)
    mpu_write_mem                            0x0800e4d9   Thumb Code    80  inv_mpu.o(i.mpu_write_mem)
    osDelay                                  0x0800e52d   Thumb Code    14  cmsis_os.o(i.osDelay)
    osDelayUntil                             0x0800e53b   Thumb Code    14  cmsis_os.o(i.osDelayUntil)
    osKernelStart                            0x0800e549   Thumb Code    10  cmsis_os.o(i.osKernelStart)
    osKernelSysTick                          0x0800e553   Thumb Code    24  cmsis_os.o(i.osKernelSysTick)
    osSystickHandler                         0x0800e56b   Thumb Code    20  cmsis_os.o(i.osSystickHandler)
    osThreadCreate                           0x0800e57f   Thumb Code    46  cmsis_os.o(i.osThreadCreate)
    pid_calc                                 0x0800e5ad   Thumb Code   326  pid.o(i.pid_calc)
    pvPortMalloc                             0x0800ee2d   Thumb Code   210  heap_4.o(i.pvPortMalloc)
    pvTaskIncrementMutexHeldCount            0x0800ef05   Thumb Code    18  tasks.o(i.pvTaskIncrementMutexHeldCount)
    pxPortInitialiseStack                    0x0800ef1d   Thumb Code    40  port.o(i.pxPortInitialiseStack)
    run_self_test                            0x0800ef49   Thumb Code   138  mpu9250.o(i.run_self_test)
    sqrtf                                    0x0800f205   Thumb Code    62  sqrtf.o(i.sqrtf)
    uxListRemove                             0x0800f243   Thumb Code    36  list.o(i.uxListRemove)
    vListInitialise                          0x0800f267   Thumb Code    22  list.o(i.vListInitialise)
    vListInitialiseItem                      0x0800f27d   Thumb Code     6  list.o(i.vListInitialiseItem)
    vListInsert                              0x0800f283   Thumb Code    48  list.o(i.vListInsert)
    vListInsertEnd                           0x0800f2b3   Thumb Code    24  list.o(i.vListInsertEnd)
    vPortEnterCritical                       0x0800f2cd   Thumb Code    54  port.o(i.vPortEnterCritical)
    vPortExitCritical                        0x0800f30d   Thumb Code    34  port.o(i.vPortExitCritical)
    vPortFree                                0x0800f335   Thumb Code    88  heap_4.o(i.vPortFree)
    vPortSetupTimerInterrupt                 0x0800f391   Thumb Code    26  port.o(i.vPortSetupTimerInterrupt)
    vPortValidateInterruptPriority           0x0800f3b1   Thumb Code    74  port.o(i.vPortValidateInterruptPriority)
    vQueueAddToRegistry                      0x0800f405   Thumb Code    34  queue.o(i.vQueueAddToRegistry)
    vQueueWaitForMessageRestricted           0x0800f42d   Thumb Code    68  queue.o(i.vQueueWaitForMessageRestricted)
    vTaskDelay                               0x0800f471   Thumb Code    66  tasks.o(i.vTaskDelay)
    vTaskDelayUntil                          0x0800f4bd   Thumb Code   132  tasks.o(i.vTaskDelayUntil)
    vTaskMissedYield                         0x0800f549   Thumb Code     8  tasks.o(i.vTaskMissedYield)
    vTaskPlaceOnEventList                    0x0800f555   Thumb Code    44  tasks.o(i.vTaskPlaceOnEventList)
    vTaskPlaceOnEventListRestricted          0x0800f585   Thumb Code    52  tasks.o(i.vTaskPlaceOnEventListRestricted)
    vTaskPriorityInherit                     0x0800f5bd   Thumb Code   124  tasks.o(i.vTaskPriorityInherit)
    vTaskSetTimeOutState                     0x0800f641   Thumb Code    30  tasks.o(i.vTaskSetTimeOutState)
    vTaskStartScheduler                      0x0800f665   Thumb Code    94  tasks.o(i.vTaskStartScheduler)
    vTaskSuspendAll                          0x0800f6d5   Thumb Code    10  tasks.o(i.vTaskSuspendAll)
    vTaskSwitchContext                       0x0800f6e5   Thumb Code    82  tasks.o(i.vTaskSwitchContext)
    xPortStartScheduler                      0x0800f741   Thumb Code   202  port.o(i.xPortStartScheduler)
    xPortSysTickHandler                      0x0800f821   Thumb Code    38  port.o(i.xPortSysTickHandler)
    xQueueGenericCreate                      0x0800f84d   Thumb Code    72  queue.o(i.xQueueGenericCreate)
    xQueueGenericReceive                     0x0800f895   Thumb Code   360  queue.o(i.xQueueGenericReceive)
    xQueueGenericReset                       0x0800fa01   Thumb Code   132  queue.o(i.xQueueGenericReset)
    xQueueGenericSend                        0x0800fa89   Thumb Code   346  queue.o(i.xQueueGenericSend)
    xQueueGenericSendFromISR                 0x0800fbe9   Thumb Code   188  queue.o(i.xQueueGenericSendFromISR)
    xTaskCheckForTimeOut                     0x0800fca5   Thumb Code   102  tasks.o(i.xTaskCheckForTimeOut)
    xTaskCreate                              0x0800fd11   Thumb Code    86  tasks.o(i.xTaskCreate)
    xTaskGetSchedulerState                   0x0800fd69   Thumb Code    22  tasks.o(i.xTaskGetSchedulerState)
    xTaskGetTickCount                        0x0800fd85   Thumb Code     6  tasks.o(i.xTaskGetTickCount)
    xTaskGetTickCountFromISR                 0x0800fd91   Thumb Code    12  tasks.o(i.xTaskGetTickCountFromISR)
    xTaskIncrementTick                       0x0800fda1   Thumb Code   192  tasks.o(i.xTaskIncrementTick)
    xTaskPriorityDisinherit                  0x0800fe69   Thumb Code   144  tasks.o(i.xTaskPriorityDisinherit)
    xTaskRemoveFromEventList                 0x0800ff01   Thumb Code   108  tasks.o(i.xTaskRemoveFromEventList)
    xTaskResumeAll                           0x0800ff75   Thumb Code   182  tasks.o(i.xTaskResumeAll)
    xTimerCreateTimerTask                    0x08010039   Thumb Code    56  timers.o(i.xTimerCreateTimerTask)
    xTimerGenericCommand                     0x08010081   Thumb Code    92  timers.o(i.xTimerGenericCommand)
    TX_ADDRESS                               0x080100e0   Data           5  nrf24.o(.constdata)
    RX_ADDRESS                               0x080100e5   Data           5  nrf24.o(.constdata)
    AHBPrescTable                            0x080100ea   Data          16  system_stm32f4xx.o(.constdata)
    APBPrescTable                            0x080100fa   Data           8  system_stm32f4xx.o(.constdata)
    reg                                      0x08010154   Data          42  inv_mpu.o(.constdata)
    hw                                       0x0801017e   Data          14  inv_mpu.o(.constdata)
    test                                     0x0801018c   Data          48  inv_mpu.o(.constdata)
    ml_ver                                   0x08010fb2   Data          20  mpl.o(.constdata)
    __mathlib_zero                           0x08011050   Data           8  qnan.o(.constdata)
    Region$$Table$$Base                      0x080111e8   Number         0  anon$$obj.o(Region$$Table)
    Region$$Table$$Limit                     0x08011208   Number         0  anon$$obj.o(Region$$Table)
    wire_time_last                           0x20000000   Data           4  nrf24.o(.data)
    wire_time_ms                             0x20000004   Data           4  nrf24.o(.data)
    uwTick                                   0x20000008   Data           4  stm32f4xx_hal.o(.data)
    SystemCoreClock                          0x2000000c   Data           4  system_stm32f4xx.o(.data)
    pxCurrentTCB                             0x20000010   Data           4  tasks.o(.data)
    defaultTaskHandle                        0x20000084   Data           4  freertos.o(.data)
    wireless_t                               0x20000088   Data           4  freertos.o(.data)
    motor_t                                  0x2000008c   Data           4  freertos.o(.data)
    imu_t                                    0x20000090   Data           4  freertos.o(.data)
    motor_time_last                          0x20000094   Data           4  motor_task.o(.data)
    motor_time_ms                            0x20000098   Data           4  motor_task.o(.data)
    thrus_speed                              0x2000009c   Data           4  motor_task.o(.data)
    imu_time_last                            0x200000a0   Data           4  imu_task.o(.data)
    imu_time_ms                              0x200000a4   Data           4  imu_task.o(.data)
    mpl_key                                  0x200000bc   Data           4  inv_mpu.o(.data)
    __stdout                                 0x2000010c   Data           4  stdout.o(.data)
    buf_rx                                   0x20000114   Data          33  nrf24.o(.bss)
    xQueueRegistry                           0x20000250   Data          64  queue.o(.bss)
    hspi1                                    0x20010290   Data          88  spi.o(.bss)
    huart1                                   0x200102e8   Data          64  usart.o(.bss)
    htim1                                    0x20010328   Data          60  tim.o(.bss)
    htim10                                   0x20010364   Data          60  stm32f4xx_hal_timebase_tim.o(.bss)
    pid_pitch_spd                            0x200103a0   Data          76  motor_task.o(.bss)
    pid_pitch_angle                          0x200103ec   Data          76  motor_task.o(.bss)
    pid_roll_spd                             0x20010438   Data          76  motor_task.o(.bss)
    pid_roll_angle                           0x20010484   Data          76  motor_task.o(.bss)
    motor                                    0x200104d0   Data          48  motor_task.o(.bss)
    imu                                      0x20010500   Data          40  imu_task.o(.bss)
    cb                                       0x20010b70   Data         232  compass_vec_cal.o(.bss)
    cb_test                                  0x20010c58   Data         232  compass_vec_cal.o(.bss)
    cb_sim                                   0x20010d40   Data         232  compass_vec_cal.o(.bss)
    vc                                       0x20010e28   Data         424  compass_vec_cal.o(.bss)
    fnm                                      0x20010fd0   Data         608  fast_no_motion.o(.bss)
    s9axis                                   0x20011270   Data         312  fusion_9axis.o(.bss)
    mag_disturb                              0x2001156c   Data         184  mag_disturb.o(.bss)
    __initial_sp                             0x20011f48   Data           0  startup_stm32f407xx.o(STACK)



==============================================================================

Memory Map of the image

  Image Entry point : 0x08000189

  Load Region LR_IROM1 (Base: 0x08000000, Size: 0x0001131c, Max: 0x00080000, ABSOLUTE)

    Execution Region ER_IROM1 (Base: 0x08000000, Size: 0x00011208, Max: 0x00080000, ABSOLUTE)

    Base Addr    Size         Type   Attr      Idx    E Section Name        Object

    0x08000000   0x00000188   Data   RO            3    RESET               startup_stm32f407xx.o
    0x08000188   0x00000000   Code   RO         7341  * .ARM.Collect$$$$00000000  mc_w.l(entry.o)
    0x08000188   0x00000004   Code   RO         7699    .ARM.Collect$$$$00000001  mc_w.l(entry2.o)
    0x0800018c   0x00000004   Code   RO         7702    .ARM.Collect$$$$00000004  mc_w.l(entry5.o)
    0x08000190   0x00000000   Code   RO         7704    .ARM.Collect$$$$00000008  mc_w.l(entry7b.o)
    0x08000190   0x00000000   Code   RO         7706    .ARM.Collect$$$$0000000A  mc_w.l(entry8b.o)
    0x08000190   0x00000008   Code   RO         7707    .ARM.Collect$$$$0000000B  mc_w.l(entry9a.o)
    0x08000198   0x00000000   Code   RO         7709    .ARM.Collect$$$$0000000D  mc_w.l(entry10a.o)
    0x08000198   0x00000000   Code   RO         7711    .ARM.Collect$$$$0000000F  mc_w.l(entry11a.o)
    0x08000198   0x00000004   Code   RO         7700    .ARM.Collect$$$$00002712  mc_w.l(entry2.o)
    0x0800019c   0x000000ba   Code   RO         3936    .emb_text           port.o
    0x08000256   0x00000002   PAD
    0x08000258   0x00000024   Code   RO            4    .text               startup_stm32f407xx.o
    0x0800027c   0x000024f0   Code   RO         6901    .text               libmpllib.lib(compass_vec_cal.o)
    0x0800276c   0x00000a18   Code   RO         6991    .text               libmpllib.lib(fast_no_motion.o)
    0x08003184   0x000006b0   Code   RO         7024    .text               libmpllib.lib(fusion_9axis.o)
    0x08003834   0x000004c4   Code   RO         7046    .text               libmpllib.lib(gyro_tc.o)
    0x08003cf8   0x000005c0   Code   RO         7064    .text               libmpllib.lib(mag_disturb.o)
    0x080042b8   0x00000994   Code   RO         7086    .text               libmpllib.lib(quaternion_supervisor.o)
    0x08004c4c   0x00000c44   Code   RO         7104    .text               libmpllib.lib(accel_auto_cal.o)
    0x08005890   0x00000062   Code   RO         7344    .text               mc_w.l(uldiv.o)
    0x080058f2   0x00000062   Code   RO         7346    .text               mc_w.l(ldiv.o)
    0x08005954   0x0000001e   Code   RO         7348    .text               mc_w.l(llshl.o)
    0x08005972   0x00000024   Code   RO         7350    .text               mc_w.l(llsshr.o)
    0x08005996   0x00000040   Code   RO         7354    .text               mc_w.l(memmovea.o)
    0x080059d6   0x00000024   Code   RO         7356    .text               mc_w.l(memseta.o)
    0x080059fa   0x0000001a   Code   RO         7358    .text               mc_w.l(memcmp.o)
    0x08005a14   0x0000014e   Code   RO         7625    .text               mf_w.l(dadd.o)
    0x08005b62   0x000000e4   Code   RO         7627    .text               mf_w.l(dmul.o)
    0x08005c46   0x000000de   Code   RO         7629    .text               mf_w.l(ddiv.o)
    0x08005d24   0x0000002c   Code   RO         7631    .text               mf_w.l(ffltl.o)
    0x08005d50   0x00000022   Code   RO         7633    .text               mf_w.l(dflti.o)
    0x08005d72   0x00000042   Code   RO         7635    .text               mf_w.l(ffixl.o)
    0x08005db4   0x0000003e   Code   RO         7637    .text               mf_w.l(dfixi.o)
    0x08005df2   0x00000026   Code   RO         7639    .text               mf_w.l(f2d.o)
    0x08005e18   0x00000030   Code   RO         7641    .text               mf_w.l(cdcmple.o)
    0x08005e48   0x00000030   Code   RO         7643    .text               mf_w.l(cdrcmple.o)
    0x08005e78   0x00000038   Code   RO         7645    .text               mf_w.l(d2f.o)
    0x08005eb0   0x0000002c   Code   RO         7714    .text               mc_w.l(uidiv.o)
    0x08005edc   0x00000020   Code   RO         7716    .text               mc_w.l(llushr.o)
    0x08005efc   0x00000000   Code   RO         7725    .text               mc_w.l(iusefp.o)
    0x08005efc   0x0000006e   Code   RO         7726    .text               mf_w.l(fepilogue.o)
    0x08005f6a   0x000000ba   Code   RO         7728    .text               mf_w.l(depilogue.o)
    0x08006024   0x000000a2   Code   RO         7734    .text               mf_w.l(dsqrt.o)
    0x080060c6   0x00000030   Code   RO         7736    .text               mf_w.l(dfixul.o)
    0x080060f6   0x00000002   PAD
    0x080060f8   0x00000024   Code   RO         7738    .text               mc_w.l(init.o)
    0x0800611c   0x0000001a   Code   RO         7740    .text               mf_w.l(dfltui.o)
    0x08006136   0x00000002   Code   RO         4058    i.BusFault_Handler  stm32f4xx_it.o
    0x08006138   0x00000002   Code   RO         4059    i.DebugMon_Handler  stm32f4xx_it.o
    0x0800613a   0x0000001c   Code   RO          271    i.HAL_Delay         stm32f4xx_hal.o
    0x08006156   0x00000002   PAD
    0x08006158   0x000001b0   Code   RO         2729    i.HAL_GPIO_Init     stm32f4xx_hal_gpio.o
    0x08006308   0x0000000a   Code   RO         2733    i.HAL_GPIO_WritePin  stm32f4xx_hal_gpio.o
    0x08006312   0x00000002   PAD
    0x08006314   0x0000000c   Code   RO          277    i.HAL_GetTick       stm32f4xx_hal.o
    0x08006320   0x00000010   Code   RO          279    i.HAL_IncTick       stm32f4xx_hal.o
    0x08006330   0x00000034   Code   RO          280    i.HAL_Init          stm32f4xx_hal.o
    0x08006364   0x00000074   Code   RO         4290    i.HAL_InitTick      stm32f4xx_hal_timebase_tim.o
    0x080063d8   0x00000058   Code   RO         4218    i.HAL_MspInit       stm32f4xx_hal_msp.o
    0x08006430   0x00000016   Code   RO          476    i.HAL_NVIC_EnableIRQ  stm32f4xx_hal_cortex.o
    0x08006446   0x00000002   PAD
    0x08006448   0x00000040   Code   RO          482    i.HAL_NVIC_SetPriority  stm32f4xx_hal_cortex.o
    0x08006488   0x00000024   Code   RO          483    i.HAL_NVIC_SetPriorityGrouping  stm32f4xx_hal_cortex.o
    0x080064ac   0x00000130   Code   RO         1770    i.HAL_RCC_ClockConfig  stm32f4xx_hal_rcc.o
    0x080065dc   0x00000040   Code   RO         1774    i.HAL_RCC_GetClockConfig  stm32f4xx_hal_rcc.o
    0x0800661c   0x0000000c   Code   RO         1775    i.HAL_RCC_GetHCLKFreq  stm32f4xx_hal_rcc.o
    0x08006628   0x00000020   Code   RO         1777    i.HAL_RCC_GetPCLK1Freq  stm32f4xx_hal_rcc.o
    0x08006648   0x00000020   Code   RO         1778    i.HAL_RCC_GetPCLK2Freq  stm32f4xx_hal_rcc.o
    0x08006668   0x00000060   Code   RO         1779    i.HAL_RCC_GetSysClockFreq  stm32f4xx_hal_rcc.o
    0x080066c8   0x000002f0   Code   RO         1782    i.HAL_RCC_OscConfig  stm32f4xx_hal_rcc.o
    0x080069b8   0x00000080   Code   RO         1385    i.HAL_SPI_Init      stm32f4xx_hal_spi.o
    0x08006a38   0x0000004c   Code   RO         4129    i.HAL_SPI_MspInit   spi.o
    0x08006a84   0x000001d8   Code   RO         1394    i.HAL_SPI_TransmitReceive  stm32f4xx_hal_spi.o
    0x08006c5c   0x00000018   Code   RO          485    i.HAL_SYSTICK_CLKSourceConfig  stm32f4xx_hal_cortex.o
    0x08006c74   0x00000028   Code   RO          487    i.HAL_SYSTICK_Config  stm32f4xx_hal_cortex.o
    0x08006c9c   0x00000002   Code   RO         1094    i.HAL_TIMEx_BreakCallback  stm32f4xx_hal_tim_ex.o
    0x08006c9e   0x00000002   Code   RO         1095    i.HAL_TIMEx_CommutationCallback  stm32f4xx_hal_tim_ex.o
    0x08006ca0   0x0000005a   Code   RO         1096    i.HAL_TIMEx_ConfigBreakDeadTime  stm32f4xx_hal_tim_ex.o
    0x08006cfa   0x00000050   Code   RO         1111    i.HAL_TIMEx_MasterConfigSynchronization  stm32f4xx_hal_tim_ex.o
    0x08006d4a   0x00000036   Code   RO         1873    i.HAL_TIM_Base_Init  stm32f4xx_hal_tim.o
    0x08006d80   0x00000002   Code   RO         1875    i.HAL_TIM_Base_MspInit  stm32f4xx_hal_tim.o
    0x08006d82   0x00000018   Code   RO         1878    i.HAL_TIM_Base_Start_IT  stm32f4xx_hal_tim.o
    0x08006d9a   0x00000002   Code   RO         1902    i.HAL_TIM_IC_CaptureCallback  stm32f4xx_hal_tim.o
    0x08006d9c   0x00000166   Code   RO         1915    i.HAL_TIM_IRQHandler  stm32f4xx_hal_tim.o
    0x08006f02   0x00000002   PAD
    0x08006f04   0x00000034   Code   RO         4242    i.HAL_TIM_MspPostInit  tim.o
    0x08006f38   0x00000002   Code   RO         1918    i.HAL_TIM_OC_DelayElapsedCallback  stm32f4xx_hal_tim.o
    0x08006f3a   0x000000d0   Code   RO         1939    i.HAL_TIM_PWM_ConfigChannel  stm32f4xx_hal_tim.o
    0x0800700a   0x00000036   Code   RO         1942    i.HAL_TIM_PWM_Init  stm32f4xx_hal_tim.o
    0x08007040   0x0000003c   Code   RO         4244    i.HAL_TIM_PWM_MspInit  tim.o
    0x0800707c   0x00000002   Code   RO         1945    i.HAL_TIM_PWM_PulseFinishedCallback  stm32f4xx_hal_tim.o
    0x0800707e   0x00000002   PAD
    0x08007080   0x00000038   Code   RO         1946    i.HAL_TIM_PWM_Start  stm32f4xx_hal_tim.o
    0x080070b8   0x00000014   Code   RO         4330    i.HAL_TIM_PeriodElapsedCallback  main.o
    0x080070cc   0x00000002   Code   RO         1956    i.HAL_TIM_TriggerCallback  stm32f4xx_hal_tim.o
    0x080070ce   0x00000062   Code   RO          631    i.HAL_UART_Init     stm32f4xx_hal_uart.o
    0x08007130   0x0000004c   Code   RO         4171    i.HAL_UART_MspInit  usart.o
    0x0800717c   0x00000002   Code   RO         4060    i.HardFault_Handler  stm32f4xx_it.o
    0x0800717e   0x00000002   PAD
    0x08007180   0x00000040   Code   RO         4668    i.IIC_Ack           bsp_i2c.o
    0x080071c0   0x00000014   Code   RO         4670    i.IIC_Init          bsp_i2c.o
    0x080071d4   0x00000040   Code   RO         4671    i.IIC_NAck          bsp_i2c.o
    0x08007214   0x0000006c   Code   RO         4673    i.IIC_Read_Byte     bsp_i2c.o
    0x08007280   0x00000060   Code   RO         4674    i.IIC_Send_Byte     bsp_i2c.o
    0x080072e0   0x00000040   Code   RO         4675    i.IIC_Start         bsp_i2c.o
    0x08007320   0x00000044   Code   RO         4676    i.IIC_Stop          bsp_i2c.o
    0x08007364   0x00000054   Code   RO         4677    i.IIC_Wait_Ack      bsp_i2c.o
    0x080073b8   0x0000006c   Code   RO         4759    i.MPU_Read_Len      mpu9250.o
    0x08007424   0x00000052   Code   RO         4761    i.MPU_Write_Len     mpu9250.o
    0x08007476   0x00000002   PAD
    0x08007478   0x00000068   Code   RO         4395    i.MX_FREERTOS_Init  freertos.o
    0x080074e0   0x000000c8   Code   RO         4031    i.MX_GPIO_Init      gpio.o
    0x080075a8   0x0000005c   Code   RO         4130    i.MX_SPI1_Init      spi.o
    0x08007604   0x000000e8   Code   RO         4245    i.MX_TIM1_Init      tim.o
    0x080076ec   0x0000004c   Code   RO         4172    i.MX_USART1_UART_Init  usart.o
    0x08007738   0x00000002   Code   RO         4061    i.MemManage_Handler  stm32f4xx_it.o
    0x0800773a   0x00000002   PAD
    0x0800773c   0x00000180   Code   RO         4438    i.MotorTask         motor_task.o
    0x080078bc   0x00000002   Code   RO         4062    i.NMI_Handler       stm32f4xx_it.o
    0x080078be   0x00000002   PAD
    0x080078c0   0x00000074   Code   RO           13    i.NRF24L01_Check    nrf24.o
    0x08007934   0x00000034   Code   RO           14    i.NRF24L01_Init     nrf24.o
    0x08007968   0x00000058   Code   RO           15    i.NRF24L01_RX_Mode  nrf24.o
    0x080079c0   0x0000003c   Code   RO           16    i.NRF24L01_Read_Buf  nrf24.o
    0x080079fc   0x00000024   Code   RO           17    i.NRF24L01_Read_Reg  nrf24.o
    0x08007a20   0x00000032   Code   RO           18    i.NRF24L01_RxPacket  nrf24.o
    0x08007a52   0x00000002   PAD
    0x08007a54   0x0000002c   Code   RO           19    i.NRF24L01_SPI_Init  nrf24.o
    0x08007a80   0x0000003c   Code   RO           22    i.NRF24L01_Write_Buf  nrf24.o
    0x08007abc   0x00000028   Code   RO           23    i.NRF24L01_Write_Reg  nrf24.o
    0x08007ae4   0x00000020   Code   RO          489    i.NVIC_SetPriority  stm32f4xx_hal_cortex.o
    0x08007b04   0x00000044   Code   RO         6854    i.PID_struct_init   pid.o
    0x08007b48   0x00000020   Code   RO           24    i.SPI1_ReadWriteByte  nrf24.o
    0x08007b68   0x00000020   Code   RO         1409    i.SPI_CheckFlag_BSY  stm32f4xx_hal_spi.o
    0x08007b88   0x00000096   Code   RO         1427    i.SPI_WaitFlagStateUntilTimeout  stm32f4xx_hal_spi.o
    0x08007c1e   0x00000008   Code   RO         4396    i.StartDefaultTask  freertos.o
    0x08007c26   0x00000004   Code   RO         4063    i.SysTick_Handler   stm32f4xx_it.o
    0x08007c2a   0x00000002   PAD
    0x08007c2c   0x000000a0   Code   RO         4331    i.SystemClock_Config  main.o
    0x08007ccc   0x00000054   Code   RO         2793    i.SystemInit        system_stm32f4xx.o
    0x08007d20   0x0000001c   Code   RO         4064    i.TIM1_UP_TIM10_IRQHandler  stm32f4xx_it.o
    0x08007d3c   0x000000c0   Code   RO         1957    i.TIM_Base_SetConfig  stm32f4xx_hal_tim.o
    0x08007dfc   0x00000016   Code   RO         1958    i.TIM_CCxChannelCmd  stm32f4xx_hal_tim.o
    0x08007e12   0x00000002   PAD
    0x08007e14   0x00000058   Code   RO         1966    i.TIM_OC1_SetConfig  stm32f4xx_hal_tim.o
    0x08007e6c   0x00000064   Code   RO         1967    i.TIM_OC2_SetConfig  stm32f4xx_hal_tim.o
    0x08007ed0   0x00000060   Code   RO         1968    i.TIM_OC3_SetConfig  stm32f4xx_hal_tim.o
    0x08007f30   0x00000050   Code   RO         1969    i.TIM_OC4_SetConfig  stm32f4xx_hal_tim.o
    0x08007f80   0x000002ac   Code   RO          657    i.UART_SetConfig    stm32f4xx_hal_uart.o
    0x0800822c   0x00000002   Code   RO         4065    i.UsageFault_Handler  stm32f4xx_it.o
    0x0800822e   0x00000002   PAD
    0x08008230   0x00000058   Code   RO           25    i.WirelessTask      nrf24.o
    0x08008288   0x00000002   Code   RO         4332    i._Error_Handler    main.o
    0x0800828a   0x00000098   Code   RO         5400    i._MLPrintLog       log_stm32.o
    0x08008322   0x00000002   PAD
    0x08008324   0x00000020   Code   RO         7597    i.__0printf         mc_w.l(printfa.o)
    0x08008344   0x00000024   Code   RO         7603    i.__0vsprintf       mc_w.l(printfa.o)
    0x08008368   0x00000030   Code   RO         7664    i.__ARM_fpclassify  m_wm.l(fpclassify.o)
    0x08008398   0x00000026   Code   RO         7666    i.__ARM_fpclassifyf  m_wm.l(fpclassifyf.o)
    0x080083be   0x00000002   PAD
    0x080083c0   0x00000118   Code   RO         7147    i.__hardfp_acosf    m_wm.l(acosf.o)
    0x080084d8   0x00000250   Code   RO         7211    i.__hardfp_atan2f   m_wm.l(atan2f.o)
    0x08008728   0x000000c8   Code   RO         7229    i.__hardfp_cos      m_wm.l(cos.o)
    0x080087f0   0x00000150   Code   RO         7241    i.__hardfp_cosf     m_wm.l(cosf.o)
    0x08008940   0x00000014   Code   RO         7253    i.__hardfp_fabs     m_wm.l(fabs.o)
    0x08008954   0x00000004   PAD
    0x08008958   0x000003c4   Code   RO         7265    i.__hardfp_log      m_wm.l(log.o)
    0x08008d1c   0x00000190   Code   RO         7305    i.__hardfp_sinf     m_wm.l(sinf.o)
    0x08008eac   0x0000007a   Code   RO         7317    i.__hardfp_sqrt     m_wm.l(sqrt.o)
    0x08008f26   0x0000003a   Code   RO         7329    i.__hardfp_sqrtf    m_wm.l(sqrtf.o)
    0x08008f60   0x00000438   Code   RO         7685    i.__ieee754_rem_pio2  m_wm.l(rred.o)
    0x08009398   0x00000170   Code   RO         7647    i.__kernel_cos      m_wm.l(cos_i.o)
    0x08009508   0x000000f8   Code   RO         7682    i.__kernel_poly     m_wm.l(poly.o)
    0x08009600   0x00000130   Code   RO         7693    i.__kernel_sin      m_wm.l(sin_i.o)
    0x08009730   0x00000030   Code   RO         7650    i.__mathlib_dbl_divzero  m_wm.l(dunder.o)
    0x08009760   0x00000014   Code   RO         7651    i.__mathlib_dbl_infnan  m_wm.l(dunder.o)
    0x08009774   0x00000004   PAD
    0x08009778   0x00000020   Code   RO         7653    i.__mathlib_dbl_invalid  m_wm.l(dunder.o)
    0x08009798   0x00000020   Code   RO         7656    i.__mathlib_dbl_underflow  m_wm.l(dunder.o)
    0x080097b8   0x00000006   Code   RO         7669    i.__mathlib_flt_infnan  m_wm.l(funder.o)
    0x080097be   0x00000006   Code   RO         7670    i.__mathlib_flt_infnan2  m_wm.l(funder.o)
    0x080097c4   0x00000010   Code   RO         7671    i.__mathlib_flt_invalid  m_wm.l(funder.o)
    0x080097d4   0x00000010   Code   RO         7674    i.__mathlib_flt_underflow  m_wm.l(funder.o)
    0x080097e4   0x00000154   Code   RO         7690    i.__mathlib_rredf2  m_wm.l(rredf.o)
    0x08009938   0x00000030   Code   RO         6460    i.__print_result_location  mpl.o
    0x08009968   0x0000000e   Code   RO         7744    i.__scatterload_copy  mc_w.l(handlers.o)
    0x08009976   0x00000002   Code   RO         7745    i.__scatterload_null  mc_w.l(handlers.o)
    0x08009978   0x0000000e   Code   RO         7746    i.__scatterload_zeroinit  mc_w.l(handlers.o)
    0x08009986   0x00000002   PAD
    0x08009988   0x0000000c   Code   RO         7720    i.__set_errno       mc_w.l(errno.o)
    0x08009994   0x00000184   Code   RO         7604    i._fp_digits        mc_w.l(printfa.o)
    0x08009b18   0x000006dc   Code   RO         7605    i._printf_core      mc_w.l(printfa.o)
    0x0800a1f4   0x00000024   Code   RO         7606    i._printf_post_padding  mc_w.l(printfa.o)
    0x0800a218   0x0000002e   Code   RO         7607    i._printf_pre_padding  mc_w.l(printfa.o)
    0x0800a246   0x0000000a   Code   RO         7609    i._sputc            mc_w.l(printfa.o)
    0x0800a250   0x0000002a   Code   RO         6855    i.abs_limit         pid.o
    0x0800a27a   0x00000002   PAD
    0x0800a27c   0x000004a8   Code   RO         4848    i.accel_6500_self_test  inv_mpu.o
    0x0800a724   0x00000118   Code   RO         4849    i.compass_self_test  inv_mpu.o
    0x0800a83c   0x00000004   Code   RO         6821    i.delay_ms          delay.o
    0x0800a840   0x00000010   Code   RO         6822    i.delay_us          delay.o
    0x0800a850   0x0000003a   Code   RO         5215    i.dmp_enable_6x_lp_quat  inv_mpu_dmp_motion_driver.o
    0x0800a88a   0x00000002   PAD
    0x0800a88c   0x000001d8   Code   RO         5216    i.dmp_enable_feature  inv_mpu_dmp_motion_driver.o
    0x0800aa64   0x0000003c   Code   RO         5217    i.dmp_enable_gyro_cal  inv_mpu_dmp_motion_driver.o
    0x0800aaa0   0x0000003a   Code   RO         5218    i.dmp_enable_lp_quat  inv_mpu_dmp_motion_driver.o
    0x0800aada   0x00000002   PAD
    0x0800aadc   0x00000014   Code   RO         5223    i.dmp_load_motion_driver_firmware  inv_mpu_dmp_motion_driver.o
    0x0800aaf0   0x00000148   Code   RO         5224    i.dmp_read_fifo     inv_mpu_dmp_motion_driver.o
    0x0800ac38   0x000000d8   Code   RO         5227    i.dmp_set_accel_bias  inv_mpu_dmp_motion_driver.o
    0x0800ad10   0x00000064   Code   RO         5228    i.dmp_set_fifo_rate  inv_mpu_dmp_motion_driver.o
    0x0800ad74   0x000000cc   Code   RO         5229    i.dmp_set_gyro_bias  inv_mpu_dmp_motion_driver.o
    0x0800ae40   0x0000010c   Code   RO         5231    i.dmp_set_orientation  inv_mpu_dmp_motion_driver.o
    0x0800af4c   0x00000030   Code   RO         5234    i.dmp_set_shake_reject_thresh  inv_mpu_dmp_motion_driver.o
    0x0800af7c   0x00000020   Code   RO         5235    i.dmp_set_shake_reject_time  inv_mpu_dmp_motion_driver.o
    0x0800af9c   0x00000020   Code   RO         5236    i.dmp_set_shake_reject_timeout  inv_mpu_dmp_motion_driver.o
    0x0800afbc   0x00000040   Code   RO         5237    i.dmp_set_tap_axes  inv_mpu_dmp_motion_driver.o
    0x0800affc   0x00000022   Code   RO         5238    i.dmp_set_tap_count  inv_mpu_dmp_motion_driver.o
    0x0800b01e   0x00000002   PAD
    0x0800b020   0x00000160   Code   RO         5239    i.dmp_set_tap_thresh  inv_mpu_dmp_motion_driver.o
    0x0800b180   0x00000020   Code   RO         5240    i.dmp_set_tap_time  inv_mpu_dmp_motion_driver.o
    0x0800b1a0   0x00000020   Code   RO         5241    i.dmp_set_tap_time_multi  inv_mpu_dmp_motion_driver.o
    0x0800b1c0   0x00000018   Code   RO         7255    i.fabs              m_wm.l(fabs.o)
    0x0800b1d8   0x00000014   Code   RO         4173    i.fputc             usart.o
    0x0800b1ec   0x000004d8   Code   RO         4850    i.get_st_6500_biases  inv_mpu.o
    0x0800b6c4   0x00000460   Code   RO         4852    i.gyro_6500_self_test  inv_mpu.o
    0x0800bb24   0x00000018   Code   RO         4506    i.imu_param_init    imu_task.o
    0x0800bb3c   0x00000050   Code   RO         4507    i.imu_task          imu_task.o
    0x0800bb8c   0x0000000c   Code   RO         3301    i.inHandlerMode     cmsis_os.o
    0x0800bb98   0x0000006a   Code   RO         5515    i.inv_apply_calibration  data_builder.o
    0x0800bc02   0x00000002   PAD
    0x0800bc04   0x00000068   Code   RO         5516    i.inv_build_accel   data_builder.o
    0x0800bc6c   0x00000084   Code   RO         5517    i.inv_build_compass  data_builder.o
    0x0800bcf0   0x00000030   Code   RO         5518    i.inv_build_gyro    data_builder.o
    0x0800bd20   0x0000001c   Code   RO         5520    i.inv_build_temp    data_builder.o
    0x0800bd3c   0x000000ac   Code   RO         6110    i.inv_compass_angle  ml_math_func.o
    0x0800bde8   0x0000005c   Code   RO         6112    i.inv_convert_to_body_with_scale  ml_math_func.o
    0x0800be44   0x0000003c   Code   RO         5522    i.inv_db_load_func  data_builder.o
    0x0800be80   0x00000014   Code   RO         5523    i.inv_db_save_func  data_builder.o
    0x0800be94   0x0000001c   Code   RO         5437    i.inv_enable_eMPL_outputs  empl_outputs.o
    0x0800beb0   0x0000001c   Code   RO         6498    i.inv_enable_results_holder  results_holder.o
    0x0800becc   0x0000002c   Code   RO         6733    i.inv_execute_mpl_start_notification  start_manager.o
    0x0800bef8   0x00000080   Code   RO         5526    i.inv_execute_on_data  data_builder.o
    0x0800bf78   0x000000a4   Code   RO         5438    i.inv_generate_eMPL_outputs  empl_outputs.o
    0x0800c01c   0x00000010   Code   RO         6499    i.inv_generate_results  results_holder.o
    0x0800c02c   0x00000014   Code   RO         6500    i.inv_get_6axis_quaternion  results_holder.o
    0x0800c040   0x0000000c   Code   RO         6501    i.inv_get_acc_state  results_holder.o
    0x0800c04c   0x0000000c   Code   RO         5527    i.inv_get_accel_accuracy  data_builder.o
    0x0800c058   0x00000010   Code   RO         5529    i.inv_get_accel_on  data_builder.o
    0x0800c068   0x00000028   Code   RO         5533    i.inv_get_accel_set  data_builder.o
    0x0800c090   0x00000014   Code   RO         5534    i.inv_get_compass_bias  data_builder.o
    0x0800c0a4   0x00000018   Code   RO         6505    i.inv_get_compass_correction  results_holder.o
    0x0800c0bc   0x00000010   Code   RO         5536    i.inv_get_compass_on  data_builder.o
    0x0800c0cc   0x0000001c   Code   RO         5543    i.inv_get_compass_soft_iron_output_data  data_builder.o
    0x0800c0e8   0x0000000c   Code   RO         6506    i.inv_get_compass_state  results_holder.o
    0x0800c0f4   0x00000054   Code   RO         6507    i.inv_get_gravity   results_holder.o
    0x0800c148   0x00000010   Code   RO         5544    i.inv_get_gyro      data_builder.o
    0x0800c158   0x0000000c   Code   RO         5545    i.inv_get_gyro_accuracy  data_builder.o
    0x0800c164   0x00000024   Code   RO         5546    i.inv_get_gyro_bias  data_builder.o
    0x0800c188   0x00000018   Code   RO         5547    i.inv_get_gyro_bias_tc_set  data_builder.o
    0x0800c1a0   0x00000010   Code   RO         5548    i.inv_get_gyro_on   data_builder.o
    0x0800c1b0   0x0000001a   Code   RO         6116    i.inv_get_gyro_sum_of_sqr  ml_math_func.o
    0x0800c1ca   0x00000002   PAD
    0x0800c1cc   0x0000000c   Code   RO         6510    i.inv_get_large_mag_field  results_holder.o
    0x0800c1d8   0x00000048   Code   RO         5554    i.inv_get_last_timestamp  data_builder.o
    0x0800c220   0x0000003a   Code   RO         6511    i.inv_get_linear_accel  results_holder.o
    0x0800c25a   0x00000002   PAD
    0x0800c25c   0x00000044   Code   RO         6512    i.inv_get_linear_accel_float  results_holder.o
    0x0800c2a0   0x00000010   Code   RO         6513    i.inv_get_local_field  results_holder.o
    0x0800c2b0   0x0000001c   Code   RO         5555    i.inv_get_mag_accuracy  data_builder.o
    0x0800c2cc   0x00000010   Code   RO         6515    i.inv_get_motion_state  results_holder.o
    0x0800c2dc   0x00000034   Code   RO         6516    i.inv_get_quaternion  results_holder.o
    0x0800c310   0x00000038   Code   RO         6518    i.inv_get_quaternion_set  results_holder.o
    0x0800c348   0x000001bc   Code   RO         5441    i.inv_get_sensor_type_euler  empl_outputs.o
    0x0800c504   0x00000060   Code   RO         5977    i.inv_get_sensor_type_gravity  hal_outputs.o
    0x0800c564   0x0000000c   Code   RO         6520    i.inv_got_compass_bias  results_holder.o
    0x0800c570   0x0000003c   Code   RO         5558    i.inv_init_data_builder  data_builder.o
    0x0800c5ac   0x00000078   Code   RO         6462    i.inv_init_mpl      mpl.o
    0x0800c624   0x00000030   Code   RO         6521    i.inv_init_results_holder  results_holder.o
    0x0800c654   0x00000014   Code   RO         6734    i.inv_init_start_manager  start_manager.o
    0x0800c668   0x00000018   Code   RO         6766    i.inv_init_storage_manager  storage_manager.o
    0x0800c680   0x00000022   Code   RO         6125    i.inv_orientation_matrix_to_scalar  ml_math_func.o
    0x0800c6a2   0x0000000c   Code   RO         6126    i.inv_q29_mult      ml_math_func.o
    0x0800c6ae   0x0000000c   Code   RO         6128    i.inv_q30_mult      ml_math_func.o
    0x0800c6ba   0x00000024   Code   RO         6130    i.inv_q_add         ml_math_func.o
    0x0800c6de   0x00000042   Code   RO         6131    i.inv_q_addf        ml_math_func.o
    0x0800c720   0x00000018   Code   RO         6132    i.inv_q_invert      ml_math_func.o
    0x0800c738   0x0000002e   Code   RO         6133    i.inv_q_invertf     ml_math_func.o
    0x0800c766   0x000000b0   Code   RO         6134    i.inv_q_mult        ml_math_func.o
    0x0800c816   0x000000d2   Code   RO         6135    i.inv_q_multf       ml_math_func.o
    0x0800c8e8   0x00000084   Code   RO         6136    i.inv_q_norm4       ml_math_func.o
    0x0800c96c   0x000000b0   Code   RO         6138    i.inv_q_normalizef  ml_math_func.o
    0x0800ca1c   0x0000003e   Code   RO         6139    i.inv_q_rotate      ml_math_func.o
    0x0800ca5a   0x000000da   Code   RO         6141    i.inv_quaternion_to_rotation  ml_math_func.o
    0x0800cb34   0x000000a4   Code   RO         5561    i.inv_register_data_cb  data_builder.o
    0x0800cbd8   0x0000006c   Code   RO         6768    i.inv_register_load_store  storage_manager.o
    0x0800cc44   0x00000020   Code   RO         6735    i.inv_register_mpl_start_notification  start_manager.o
    0x0800cc64   0x00000054   Code   RO         5562    i.inv_reset_compass_soft_iron_matrix  data_builder.o
    0x0800ccb8   0x00000048   Code   RO         6143    i.inv_row_2_scale   ml_math_func.o
    0x0800cd00   0x0000001c   Code   RO         5563    i.inv_set_accel_accuracy  data_builder.o
    0x0800cd1c   0x0000000c   Code   RO         6524    i.inv_set_accel_bias_found  results_holder.o
    0x0800cd28   0x00000050   Code   RO         5566    i.inv_set_accel_bias_mask  data_builder.o
    0x0800cd78   0x0000000c   Code   RO         5567    i.inv_set_accel_orientation_and_scale  data_builder.o
    0x0800cd84   0x0000002c   Code   RO         5568    i.inv_set_accel_sample_rate  data_builder.o
    0x0800cdb0   0x00000048   Code   RO         5570    i.inv_set_compass_bias  data_builder.o
    0x0800cdf8   0x00000010   Code   RO         6525    i.inv_set_compass_bias_error  results_holder.o
    0x0800ce08   0x0000000c   Code   RO         6526    i.inv_set_compass_bias_found  results_holder.o
    0x0800ce14   0x00000020   Code   RO         6527    i.inv_set_compass_correction  results_holder.o
    0x0800ce34   0x0000000c   Code   RO         5571    i.inv_set_compass_disturbance  data_builder.o
    0x0800ce40   0x00000010   Code   RO         5572    i.inv_set_compass_orientation_and_scale  data_builder.o
    0x0800ce50   0x0000002c   Code   RO         5573    i.inv_set_compass_sample_rate  data_builder.o
    0x0800ce7c   0x00000050   Code   RO         5574    i.inv_set_compass_soft_iron_input_data  data_builder.o
    0x0800cecc   0x0000000c   Code   RO         6528    i.inv_set_compass_state  results_holder.o
    0x0800ced8   0x00000080   Code   RO         5577    i.inv_set_contiguous  data_builder.o
    0x0800cf58   0x0000005c   Code   RO         5579    i.inv_set_gyro_bias  data_builder.o
    0x0800cfb4   0x0000000c   Code   RO         5580    i.inv_set_gyro_orientation_and_scale  data_builder.o
    0x0800cfc0   0x00000028   Code   RO         5581    i.inv_set_gyro_sample_rate  data_builder.o
    0x0800cfe8   0x00000014   Code   RO         6085    i.inv_set_message   message_layer.o
    0x0800cffc   0x00000034   Code   RO         6533    i.inv_set_motion_state  results_holder.o
    0x0800d030   0x00000010   Code   RO         5446    i.inv_start_eMPL_outputs  empl_outputs.o
    0x0800d040   0x0000003c   Code   RO         6463    i.inv_start_mpl     mpl.o
    0x0800d07c   0x00000018   Code   RO         6534    i.inv_start_results_holder  results_holder.o
    0x0800d094   0x00000020   Code   RO         6535    i.inv_store_gaming_quaternion  results_holder.o
    0x0800d0b4   0x0000004c   Code   RO         5584    i.inv_unregister_data_cb  data_builder.o
    0x0800d100   0x00000048   Code   RO         6736    i.inv_unregister_mpl_start_notification  start_manager.o
    0x0800d148   0x0000003e   Code   RO         4333    i.main              main.o
    0x0800d186   0x0000000c   Code   RO         3303    i.makeFreeRtosPriority  cmsis_os.o
    0x0800d192   0x00000002   Code   RO         4763    i.mget_ms           mpu9250.o
    0x0800d194   0x00000032   Code   RO         6148    i.mlMatrixVectorMult  ml_math_func.o
    0x0800d1c6   0x00000002   PAD
    0x0800d1c8   0x000000d0   Code   RO         4439    i.motor_calc        motor_task.o
    0x0800d298   0x00000020   Code   RO         4440    i.motor_drive       motor_task.o
    0x0800d2b8   0x000000c0   Code   RO         4441    i.motor_init        motor_task.o
    0x0800d378   0x00000054   Code   RO         4853    i.mpu_configure_fifo  inv_mpu.o
    0x0800d3cc   0x00000160   Code   RO         4765    i.mpu_dmp_init      mpu9250.o
    0x0800d52c   0x0000003c   Code   RO         4854    i.mpu_get_accel_fsr  inv_mpu.o
    0x0800d568   0x00000044   Code   RO         4856    i.mpu_get_accel_sens  inv_mpu.o
    0x0800d5ac   0x00000010   Code   RO         4857    i.mpu_get_compass_fsr  inv_mpu.o
    0x0800d5bc   0x0000008c   Code   RO         4858    i.mpu_get_compass_reg  inv_mpu.o
    0x0800d648   0x00000034   Code   RO         4862    i.mpu_get_gyro_fsr  inv_mpu.o
    0x0800d67c   0x0000004c   Code   RO         4864    i.mpu_get_gyro_sens  inv_mpu.o
    0x0800d6c8   0x00000038   Code   RO         4866    i.mpu_get_lpf       inv_mpu.o
    0x0800d700   0x0000001c   Code   RO         4868    i.mpu_get_sample_rate  inv_mpu.o
    0x0800d71c   0x00000088   Code   RO         4869    i.mpu_get_temperature  inv_mpu.o
    0x0800d7a4   0x000000d8   Code   RO         4870    i.mpu_init          inv_mpu.o
    0x0800d87c   0x000000a0   Code   RO         4871    i.mpu_load_firmware  inv_mpu.o
    0x0800d91c   0x000000b8   Code   RO         4872    i.mpu_lp_accel_mode  inv_mpu.o
    0x0800d9d4   0x0000013c   Code   RO         4766    i.mpu_mpl_get_data  mpu9250.o
    0x0800db10   0x00000090   Code   RO         4878    i.mpu_read_fifo_stream  inv_mpu.o
    0x0800dba0   0x00000054   Code   RO         4879    i.mpu_read_mem      inv_mpu.o
    0x0800dbf4   0x00000160   Code   RO         4882    i.mpu_reset_fifo    inv_mpu.o
    0x0800dd54   0x0000027c   Code   RO         4883    i.mpu_run_6500_self_test  inv_mpu.o
    0x0800dfd0   0x00000068   Code   RO         4887    i.mpu_set_accel_fsr  inv_mpu.o
    0x0800e038   0x000000dc   Code   RO         4888    i.mpu_set_bypass    inv_mpu.o
    0x0800e114   0x0000004c   Code   RO         4889    i.mpu_set_compass_sample_rate  inv_mpu.o
    0x0800e160   0x00000078   Code   RO         4890    i.mpu_set_dmp_state  inv_mpu.o
    0x0800e1d8   0x0000006c   Code   RO         4892    i.mpu_set_gyro_fsr  inv_mpu.o
    0x0800e244   0x00000064   Code   RO         4893    i.mpu_set_int_latched  inv_mpu.o
    0x0800e2a8   0x0000006c   Code   RO         4895    i.mpu_set_lpf       inv_mpu.o
    0x0800e314   0x00000090   Code   RO         4896    i.mpu_set_sample_rate  inv_mpu.o
    0x0800e3a4   0x00000134   Code   RO         4897    i.mpu_set_sensors   inv_mpu.o
    0x0800e4d8   0x00000054   Code   RO         4898    i.mpu_write_mem     inv_mpu.o
    0x0800e52c   0x0000000e   Code   RO         3305    i.osDelay           cmsis_os.o
    0x0800e53a   0x0000000e   Code   RO         3306    i.osDelayUntil      cmsis_os.o
    0x0800e548   0x0000000a   Code   RO         3308    i.osKernelStart     cmsis_os.o
    0x0800e552   0x00000018   Code   RO         3309    i.osKernelSysTick   cmsis_os.o
    0x0800e56a   0x00000014   Code   RO         3341    i.osSystickHandler  cmsis_os.o
    0x0800e57e   0x0000002e   Code   RO         3342    i.osThreadCreate    cmsis_os.o
    0x0800e5ac   0x0000014c   Code   RO         6856    i.pid_calc          pid.o
    0x0800e6f8   0x0000000e   Code   RO         6857    i.pid_param_init    pid.o
    0x0800e706   0x00000002   PAD
    0x0800e708   0x00000020   Code   RO         6858    i.pid_reset         pid.o
    0x0800e728   0x00000070   Code   RO         2828    i.prvAddCurrentTaskToDelayedList  tasks.o
    0x0800e798   0x000000d0   Code   RO         2829    i.prvAddNewTaskToReadyList  tasks.o
    0x0800e868   0x00000050   Code   RO         3148    i.prvCheckForValidListAndQueue  timers.o
    0x0800e8b8   0x00000050   Code   RO         2830    i.prvCheckTasksWaitingTermination  tasks.o
    0x0800e908   0x00000026   Code   RO         3745    i.prvCopyDataFromQueue  queue.o
    0x0800e92e   0x0000006c   Code   RO         3746    i.prvCopyDataToQueue  queue.o
    0x0800e99a   0x00000014   Code   RO         2831    i.prvDeleteTCB      tasks.o
    0x0800e9ae   0x00000002   PAD
    0x0800e9b0   0x0000004c   Code   RO         3887    i.prvHeapInit       heap_4.o
    0x0800e9fc   0x00000028   Code   RO         2832    i.prvIdleTask       tasks.o
    0x0800ea24   0x0000008e   Code   RO         2833    i.prvInitialiseNewTask  tasks.o
    0x0800eab2   0x00000002   PAD
    0x0800eab4   0x0000004c   Code   RO         3888    i.prvInsertBlockIntoFreeList  heap_4.o
    0x0800eb00   0x00000038   Code   RO         3149    i.prvInsertTimerInActiveList  timers.o
    0x0800eb38   0x0000001c   Code   RO         3747    i.prvIsQueueEmpty   queue.o
    0x0800eb54   0x000000b8   Code   RO         3150    i.prvProcessReceivedCommands  timers.o
    0x0800ec0c   0x000000b4   Code   RO         3151    i.prvProcessTimerOrBlockTask  timers.o
    0x0800ecc0   0x00000020   Code   RO         2834    i.prvResetNextTaskUnblockTime  tasks.o
    0x0800ece0   0x00000028   Code   RO         3152    i.prvSampleTimeNow  timers.o
    0x0800ed08   0x0000006c   Code   RO         3153    i.prvSwitchTimerLists  timers.o
    0x0800ed74   0x00000028   Code   RO         3937    i.prvTaskExitError  port.o
    0x0800ed9c   0x00000024   Code   RO         3154    i.prvTimerTask      timers.o
    0x0800edc0   0x0000006a   Code   RO         3748    i.prvUnlockQueue    queue.o
    0x0800ee2a   0x00000002   PAD
    0x0800ee2c   0x000000d8   Code   RO         3889    i.pvPortMalloc      heap_4.o
    0x0800ef04   0x00000018   Code   RO         2836    i.pvTaskIncrementMutexHeldCount  tasks.o
    0x0800ef1c   0x0000002c   Code   RO         3938    i.pxPortInitialiseStack  port.o
    0x0800ef48   0x0000008a   Code   RO         4767    i.run_self_test     mpu9250.o
    0x0800efd2   0x00000002   PAD
    0x0800efd4   0x00000058   Code   RO         4899    i.set_int_enable    inv_mpu.o
    0x0800f02c   0x000001d8   Code   RO         4900    i.setup_compass     inv_mpu.o
    0x0800f204   0x0000003e   Code   RO         7331    i.sqrtf             m_wm.l(sqrtf.o)
    0x0800f242   0x00000024   Code   RO         3263    i.uxListRemove      list.o
    0x0800f266   0x00000016   Code   RO         3264    i.vListInitialise   list.o
    0x0800f27c   0x00000006   Code   RO         3265    i.vListInitialiseItem  list.o
    0x0800f282   0x00000030   Code   RO         3266    i.vListInsert       list.o
    0x0800f2b2   0x00000018   Code   RO         3267    i.vListInsertEnd    list.o
    0x0800f2ca   0x00000002   PAD
    0x0800f2cc   0x00000040   Code   RO         3940    i.vPortEnterCritical  port.o
    0x0800f30c   0x00000028   Code   RO         3941    i.vPortExitCritical  port.o
    0x0800f334   0x0000005c   Code   RO         3890    i.vPortFree         heap_4.o
    0x0800f390   0x00000020   Code   RO         3942    i.vPortSetupTimerInterrupt  port.o
    0x0800f3b0   0x00000054   Code   RO         3943    i.vPortValidateInterruptPriority  port.o
    0x0800f404   0x00000028   Code   RO         3752    i.vQueueAddToRegistry  queue.o
    0x0800f42c   0x00000044   Code   RO         3755    i.vQueueWaitForMessageRestricted  queue.o
    0x0800f470   0x0000004c   Code   RO         2842    i.vTaskDelay        tasks.o
    0x0800f4bc   0x0000008c   Code   RO         2843    i.vTaskDelayUntil   tasks.o
    0x0800f548   0x0000000c   Code   RO         2846    i.vTaskMissedYield  tasks.o
    0x0800f554   0x00000030   Code   RO         2848    i.vTaskPlaceOnEventList  tasks.o
    0x0800f584   0x00000038   Code   RO         2849    i.vTaskPlaceOnEventListRestricted  tasks.o
    0x0800f5bc   0x00000084   Code   RO         2851    i.vTaskPriorityInherit  tasks.o
    0x0800f640   0x00000024   Code   RO         2854    i.vTaskSetTimeOutState  tasks.o
    0x0800f664   0x00000070   Code   RO         2855    i.vTaskStartScheduler  tasks.o
    0x0800f6d4   0x00000010   Code   RO         2857    i.vTaskSuspendAll   tasks.o
    0x0800f6e4   0x0000005c   Code   RO         2858    i.vTaskSwitchContext  tasks.o
    0x0800f740   0x000000e0   Code   RO         3944    i.xPortStartScheduler  port.o
    0x0800f820   0x0000002c   Code   RO         3945    i.xPortSysTickHandler  port.o
    0x0800f84c   0x00000048   Code   RO         3757    i.xQueueGenericCreate  queue.o
    0x0800f894   0x0000016c   Code   RO         3758    i.xQueueGenericReceive  queue.o
    0x0800fa00   0x00000088   Code   RO         3759    i.xQueueGenericReset  queue.o
    0x0800fa88   0x00000160   Code   RO         3760    i.xQueueGenericSend  queue.o
    0x0800fbe8   0x000000bc   Code   RO         3761    i.xQueueGenericSendFromISR  queue.o
    0x0800fca4   0x0000006c   Code   RO         2859    i.xTaskCheckForTimeOut  tasks.o
    0x0800fd10   0x00000056   Code   RO         2860    i.xTaskCreate       tasks.o
    0x0800fd66   0x00000002   PAD
    0x0800fd68   0x0000001c   Code   RO         2864    i.xTaskGetSchedulerState  tasks.o
    0x0800fd84   0x0000000c   Code   RO         2865    i.xTaskGetTickCount  tasks.o
    0x0800fd90   0x00000010   Code   RO         2866    i.xTaskGetTickCountFromISR  tasks.o
    0x0800fda0   0x000000c8   Code   RO         2867    i.xTaskIncrementTick  tasks.o
    0x0800fe68   0x00000098   Code   RO         2870    i.xTaskPriorityDisinherit  tasks.o
    0x0800ff00   0x00000074   Code   RO         2871    i.xTaskRemoveFromEventList  tasks.o
    0x0800ff74   0x000000c4   Code   RO         2873    i.xTaskResumeAll    tasks.o
    0x08010038   0x00000048   Code   RO         3158    i.xTimerCreateTimerTask  timers.o
    0x08010080   0x00000060   Code   RO         3159    i.xTimerGenericCommand  timers.o
    0x080100e0   0x0000000a   Data   RO           27    .constdata          nrf24.o
    0x080100ea   0x00000010   Data   RO         2794    .constdata          system_stm32f4xx.o
    0x080100fa   0x00000008   Data   RO         2795    .constdata          system_stm32f4xx.o
    0x08010102   0x00000002   PAD
    0x08010104   0x00000050   Data   RO         4397    .constdata          freertos.o
    0x08010154   0x0000002a   Data   RO         4901    .constdata          inv_mpu.o
    0x0801017e   0x0000000e   Data   RO         4902    .constdata          inv_mpu.o
    0x0801018c   0x00000030   Data   RO         4903    .constdata          inv_mpu.o
    0x080101bc   0x00000200   Data   RO         4904    .constdata          inv_mpu.o
    0x080103bc   0x00000bf6   Data   RO         5243    .constdata          inv_mpu_dmp_motion_driver.o
    0x08010fb2   0x0000002f   Data   RO         6464    .constdata          mpl.o
    0x08010fe1   0x00000007   PAD
    0x08010fe8   0x00000038   Data   RO         7268    .constdata          m_wm.l(log.o)
    0x08011020   0x00000030   Data   RO         7648    .constdata          m_wm.l(cos_i.o)
    0x08011050   0x00000008   Data   RO         7684    .constdata          m_wm.l(qnan.o)
    0x08011058   0x000000c8   Data   RO         7687    .constdata          m_wm.l(rred.o)
    0x08011120   0x00000020   Data   RO         7691    .constdata          m_wm.l(rredf.o)
    0x08011140   0x00000028   Data   RO         7694    .constdata          m_wm.l(sin_i.o)
    0x08011168   0x00000030   Data   RO         4398    .conststring        freertos.o
    0x08011198   0x00000009   Data   RO         4905    .conststring        inv_mpu.o
    0x080111a1   0x00000003   PAD
    0x080111a4   0x00000044   Data   RO         5587    .conststring        data_builder.o
    0x080111e8   0x00000020   Data   RO         7742    Region$$Table       anon$$obj.o


    Execution Region RW_IRAM1 (Base: 0x20000000, Size: 0x00011f48, Max: 0x00020000, ABSOLUTE)

    Base Addr    Size         Type   Attr      Idx    E Section Name        Object

    0x20000000   0x00000008   Data   RW           28    .data               nrf24.o
    0x20000008   0x00000004   Data   RW          286    .data               stm32f4xx_hal.o
    0x2000000c   0x00000004   Data   RW         2796    .data               system_stm32f4xx.o
    0x20000010   0x0000003c   Data   RW         2876    .data               tasks.o
    0x2000004c   0x00000014   Data   RW         3165    .data               timers.o
    0x20000060   0x00000018   Data   RW         3895    .data               heap_4.o
    0x20000078   0x0000000c   Data   RW         3946    .data               port.o
    0x20000084   0x00000010   Data   RW         4399    .data               freertos.o
    0x20000094   0x0000000c   Data   RW         4448    .data               motor_task.o
    0x200000a0   0x00000008   Data   RW         4509    .data               imu_task.o
    0x200000a8   0x00000012   Data   RW         4768    .data               mpu9250.o
    0x200000ba   0x00000002   PAD
    0x200000bc   0x00000004   Data   RW         4906    .data               inv_mpu.o
    0x200000c0   0x00000038   Data   RW         4907    .data               inv_mpu.o
    0x200000f8   0x00000004   Data   RW         6086    .data               message_layer.o
    0x200000fc   0x00000010   Data   RW         6903    .data               libmpllib.lib(compass_vec_cal.o)
    0x2000010c   0x00000004   Data   RW         7713    .data               mc_w.l(stdout.o)
    0x20000110   0x00000004   Data   RW         7721    .data               mc_w.l(errno.o)
    0x20000114   0x00000021   Zero   RW           26    .bss                nrf24.o
    0x20000135   0x00000003   PAD
    0x20000138   0x000000f0   Zero   RW         2875    .bss                tasks.o
    0x20000228   0x00000028   Zero   RW         3164    .bss                timers.o
    0x20000250   0x00000040   Zero   RW         3767    .bss                queue.o
    0x20000290   0x00010000   Zero   RW         3894    .bss                heap_4.o
    0x20010290   0x00000058   Zero   RW         4131    .bss                spi.o
    0x200102e8   0x00000040   Zero   RW         4174    .bss                usart.o
    0x20010328   0x0000003c   Zero   RW         4246    .bss                tim.o
    0x20010364   0x0000003c   Zero   RW         4293    .bss                stm32f4xx_hal_timebase_tim.o
    0x200103a0   0x00000160   Zero   RW         4447    .bss                motor_task.o
    0x20010500   0x00000028   Zero   RW         4508    .bss                imu_task.o
    0x20010528   0x00000010   Zero   RW         5242    .bss                inv_mpu_dmp_motion_driver.o
    0x20010538   0x00000028   Zero   RW         5447    .bss                empl_outputs.o
    0x20010560   0x000002d8   Zero   RW         5586    .bss                data_builder.o
    0x20010838   0x000000c4   Zero   RW         5987    .bss                hal_outputs.o
    0x200108fc   0x00000088   Zero   RW         6536    .bss                results_holder.o
    0x20010984   0x00000054   Zero   RW         6737    .bss                start_manager.o
    0x200109d8   0x00000198   Zero   RW         6770    .bss                storage_manager.o
    0x20010b70   0x00000460   Zero   RW         6902    .bss                libmpllib.lib(compass_vec_cal.o)
    0x20010fd0   0x000002a0   Zero   RW         6992    .bss                libmpllib.lib(fast_no_motion.o)
    0x20011270   0x00000138   Zero   RW         7025    .bss                libmpllib.lib(fusion_9axis.o)
    0x200113a8   0x000001c4   Zero   RW         7047    .bss                libmpllib.lib(gyro_tc.o)
    0x2001156c   0x000000b8   Zero   RW         7065    .bss                libmpllib.lib(mag_disturb.o)
    0x20011624   0x0000006c   Zero   RW         7087    .bss                libmpllib.lib(quaternion_supervisor.o)
    0x20011690   0x000004b8   Zero   RW         7105    .bss                libmpllib.lib(accel_auto_cal.o)
    0x20011b48   0x00000400   Zero   RW            1    STACK               startup_stm32f407xx.o


==============================================================================

Image component sizes


      Code (inc. data)   RO Data    RW Data    ZI Data      Debug   Object Name

       568         66          0          0          0       4954   bsp_i2c.o
       152          0          0          0          0      17129   cmsis_os.o
      2006        250         68          0        728      27368   data_builder.o
        20          0          0          0          0        990   delay.o
       652         52          0          0         40       6510   empl_outputs.o
       112          8        128         16          0       1979   freertos.o
       200         14          0          0          0       1007   gpio.o
        96          8          0          0        196       3245   hal_outputs.o
       460         24          0         24      65536       4783   heap_4.o
       104         10          0          8         40       6672   imu_task.o
      8256       1576        625         60          0      35666   inv_mpu.o
      2410        134       3062          0         16      20282   inv_mpu_dmp_motion_driver.o
       136          0          0          0          0       3554   list.o
       152         10          0          0          0       1030   log_stm32.o
       244         16          0          0          0       2833   main.o
        20          4          0          4          0       1134   message_layer.o
      1616         22          0          0          0      13969   ml_math_func.o
       816         62          0         12        352       5667   motor_task.o
       228         78         47          0          0       5136   mpl.o
       998         32          0         18          0       7079   mpu9250.o
       666        134         10          8         33     709041   nrf24.o
       488         20          0          0          0       4699   pid.o
       758         84          0         12          0      11917   port.o
      1500         20          0          0         64      14137   queue.o
       726        118          0          0        136      15321   results_holder.o
       168         40          0          0         88       1617   spi.o
       168         20          0          0         84       3276   start_manager.o
        36          8        392          0       1024        836   startup_stm32f407xx.o
       108         16          0          4          0       3784   stm32f4xx_hal.o
       218         14          0          0          0      31049   stm32f4xx_hal_cortex.o
       442         44          0          0          0       2432   stm32f4xx_hal_gpio.o
        88          0          0          0          0        526   stm32f4xx_hal_msp.o
      1292         88          0          0          0       6213   stm32f4xx_hal_rcc.o
       782          0          0          0          0       4425   stm32f4xx_hal_spi.o
      1342         88          0          0          0      12957   stm32f4xx_hal_tim.o
       174          0          0          0          0       3250   stm32f4xx_hal_tim_ex.o
       116         16          0          0         60       1453   stm32f4xx_hal_timebase_tim.o
       782          8          0          0          0       2056   stm32f4xx_hal_uart.o
        44         10          0          0          0       3718   stm32f4xx_it.o
       132         10          0          0        408       2449   storage_manager.o
        84         18         24          4          0       1159   system_stm32f4xx.o
      2292        194          0         60        240      35264   tasks.o
       344         44          0          0         60       2367   tim.o
       852         78          0         20         40      17711   timers.o
       172         42          0          0         64       2158   usart.o

    ----------------------------------------------------------------------
     33080       3480       4400        252      69212    1064802   Object Totals
         0          0         32          0          0          0   (incl. Generated)
        60          0         12          2          3          0   (incl. Padding)

    ----------------------------------------------------------------------

      Code (inc. data)   RO Data    RW Data    ZI Data      Debug   Library Member Name

      3140        190          0          0       1208       9672   accel_auto_cal.o
      9456        298          0         16       1120      19892   compass_vec_cal.o
      2584         42          0          0        672      13744   fast_no_motion.o
      1712         72          0          0        312       5636   fusion_9axis.o
      1220         32          0          0        452       5735   gyro_tc.o
      1472         48          0          0        184       7614   mag_disturb.o
      2452        130          0          0        108       5637   quaternion_supervisor.o
       280         46          0          0          0        176   acosf.o
       592         90          0          0          0        184   atan2f.o
       200         20          0          0          0        164   cos.o
       368         46         48          0          0        200   cos_i.o
       336         56          0          0          0        136   cosf.o
       132         36          0          0          0        496   dunder.o
        44          0          0          0          0        248   fabs.o
        48          0          0          0          0        124   fpclassify.o
        38          0          0          0          0        116   fpclassifyf.o
        44         12          0          0          0        464   funder.o
       964         92         56          0          0        316   log.o
       248          0          0          0          0        152   poly.o
         0          0          8          0          0          0   qnan.o
      1080        142        200          0          0        188   rred.o
       340         24         32          0          0        160   rredf.o
       304         24         40          0          0        208   sin_i.o
       400         56          0          0          0        212   sinf.o
       122          0          0          0          0        148   sqrt.o
       120          0          0          0          0        272   sqrtf.o
         0          0          0          0          0          0   entry.o
         0          0          0          0          0          0   entry10a.o
         0          0          0          0          0          0   entry11a.o
         8          4          0          0          0          0   entry2.o
         4          0          0          0          0          0   entry5.o
         0          0          0          0          0          0   entry7b.o
         0          0          0          0          0          0   entry8b.o
         8          4          0          0          0          0   entry9a.o
        12          6          0          4          0         68   errno.o
        30          0          0          0          0          0   handlers.o
        36          8          0          0          0         68   init.o
         0          0          0          0          0          0   iusefp.o
        98          0          0          0          0         84   ldiv.o
        30          0          0          0          0         68   llshl.o
        36          0          0          0          0         68   llsshr.o
        32          0          0          0          0         68   llushr.o
        26          0          0          0          0         80   memcmp.o
        64          0          0          0          0         76   memmovea.o
        36          0          0          0          0        108   memseta.o
      2304         96          0          0          0        600   printfa.o
         0          0          0          4          0          0   stdout.o
        44          0          0          0          0         80   uidiv.o
        98          0          0          0          0         92   uldiv.o
        48          0          0          0          0         68   cdcmple.o
        48          0          0          0          0         68   cdrcmple.o
        56          0          0          0          0         88   d2f.o
       334          0          0          0          0        148   dadd.o
       222          0          0          0          0        100   ddiv.o
       186          0          0          0          0        176   depilogue.o
        62          0          0          0          0         80   dfixi.o
        48          0          0          0          0         68   dfixul.o
        34          0          0          0          0         76   dflti.o
        26          0          0          0          0         76   dfltui.o
       228          0          0          0          0         96   dmul.o
       162          0          0          0          0        100   dsqrt.o
        38          0          0          0          0         68   f2d.o
       110          0          0          0          0        168   fepilogue.o
        66          0          0          0          0         76   ffixl.o
        44          0          0          0          0         92   ffltl.o

    ----------------------------------------------------------------------
     32288       1574        384         24       4056      74902   Library Totals
        14          0          0          0          0          0   (incl. Padding)

    ----------------------------------------------------------------------

      Code (inc. data)   RO Data    RW Data    ZI Data      Debug   Library Name

     22036        812          0         16       4056      67930   libmpllib.lib
      5660        644        384          0          0       3964   m_wm.l
      2866        118          0          8          0       1460   mc_w.l
      1712          0          0          0          0       1548   mf_w.l

    ----------------------------------------------------------------------
     32288       1574        384         24       4056      74902   Library Totals

    ----------------------------------------------------------------------

==============================================================================


      Code (inc. data)   RO Data    RW Data    ZI Data      Debug   

     65368       5054       4784        276      73268    1101396   Grand Totals
     65368       5054       4784        276      73268    1101396   ELF Image Totals
     65368       5054       4784        276          0          0   ROM Totals

==============================================================================

    Total RO  Size (Code + RO Data)                70152 (  68.51kB)
    Total RW  Size (RW Data + ZI Data)             73544 (  71.82kB)
    Total ROM Size (Code + RO Data + RW Data)      70428 (  68.78kB)

==============================================================================

